[2026-02-19 22:42:36] ================================================================================
[2026-02-19 22:42:36] Training Session Started
[2026-02-19 22:42:36] Timestamp: 20260219_224236
[2026-02-19 22:42:36] ================================================================================
[2026-02-19 22:42:36] ================================================================================
[2026-02-19 22:42:36] Swin UNETR Training - BraTS 2023
[2026-02-19 22:42:36] ================================================================================
[2026-02-19 22:42:36] Device: cuda
[2026-02-19 22:42:36] GPU: NVIDIA GeForce RTX 4070 Ti SUPER
[2026-02-19 22:42:36] GPU Memory: 16.71 GB
[2026-02-19 22:42:36] 
Configuration:
[2026-02-19 22:42:36] --------------------------------------------------------------------------------
[2026-02-19 22:42:36] --------------------------------------------------------------------------------
[2026-02-19 22:42:36] 
Loading data lists...
[2026-02-19 22:42:36]   Training samples: 1000
[2026-02-19 22:42:36]   Validation samples: 251
[2026-02-19 22:42:36] 
Creating datasets...
[2026-02-19 22:42:36]   ✓ Datasets created
[2026-02-19 22:42:36] 
Creating model...
[2026-02-19 22:42:37] 
Model Information:
[2026-02-19 22:42:37] --------------------------------------------------------------------------------
[2026-02-19 22:42:37]   Architecture: Swin UNETR
[2026-02-19 22:42:37]   Total Parameters: 62,191,941
[2026-02-19 22:42:37]   Trainable Parameters: 62,191,941
[2026-02-19 22:42:37]   Model Size: 237.24 MB (float32)
[2026-02-19 22:42:37] --------------------------------------------------------------------------------
[2026-02-19 22:42:37] 
✓ Training setup complete
[2026-02-19 22:42:37] 
Starting training...
[2026-02-19 22:42:37] 
================================================================================
[2026-02-19 22:42:37] Epoch 1/300
[2026-02-19 22:42:37] ================================================================================
[2026-02-19 22:42:38] 

Error during training: ground truth has different shape (torch.Size([1, 1, 128, 128, 128])) from input (torch.Size([1, 3, 128, 128, 128]))
