[2026-02-19 22:39:07] ================================================================================
[2026-02-19 22:39:07] Training Session Started
[2026-02-19 22:39:07] Timestamp: 20260219_223907
[2026-02-19 22:39:07] ================================================================================
[2026-02-19 22:39:07] ================================================================================
[2026-02-19 22:39:07] Swin UNETR Training - BraTS 2023
[2026-02-19 22:39:07] ================================================================================
[2026-02-19 22:39:07] Device: cuda
[2026-02-19 22:39:07] GPU: NVIDIA GeForce RTX 4070 Ti SUPER
[2026-02-19 22:39:07] GPU Memory: 16.71 GB
[2026-02-19 22:39:07] 
Configuration:
[2026-02-19 22:39:07] --------------------------------------------------------------------------------
[2026-02-19 22:39:07] --------------------------------------------------------------------------------
[2026-02-19 22:39:07] 
Loading data lists...
[2026-02-19 22:39:07]   Training samples: 1000
[2026-02-19 22:39:07]   Validation samples: 251
[2026-02-19 22:39:07] 
Creating datasets...
[2026-02-19 22:39:07]   ✓ Datasets created
[2026-02-19 22:39:07] 
Creating model...
