[2026-02-19 22:44:25] ================================================================================
[2026-02-19 22:44:25] Training Session Started
[2026-02-19 22:44:25] Timestamp: 20260219_224425
[2026-02-19 22:44:25] ================================================================================
[2026-02-19 22:44:25] ================================================================================
[2026-02-19 22:44:25] Swin UNETR Training - BraTS 2023
[2026-02-19 22:44:25] ================================================================================
[2026-02-19 22:44:25] Device: cuda
[2026-02-19 22:44:25] GPU: NVIDIA GeForce RTX 4070 Ti SUPER
[2026-02-19 22:44:25] GPU Memory: 16.71 GB
[2026-02-19 22:44:25] 
Configuration:
[2026-02-19 22:44:25] --------------------------------------------------------------------------------
[2026-02-19 22:44:25] --------------------------------------------------------------------------------
[2026-02-19 22:44:25] 
Loading data lists...
[2026-02-19 22:44:25]   Training samples: 1000
[2026-02-19 22:44:25]   Validation samples: 251
[2026-02-19 22:44:25] 
Creating datasets...
[2026-02-19 22:44:25]   ✓ Datasets created
[2026-02-19 22:44:25] 
Creating model...
[2026-02-19 22:44:25] 
Model Information:
[2026-02-19 22:44:25] --------------------------------------------------------------------------------
[2026-02-19 22:44:25]   Architecture: Swin UNETR
[2026-02-19 22:44:25]   Total Parameters: 62,191,941
[2026-02-19 22:44:25]   Trainable Parameters: 62,191,941
[2026-02-19 22:44:25]   Model Size: 237.24 MB (float32)
[2026-02-19 22:44:25] --------------------------------------------------------------------------------
[2026-02-19 22:44:25] 
✓ Training setup complete
[2026-02-19 22:44:25] 
Starting training...
[2026-02-19 22:44:25] 
================================================================================
[2026-02-19 22:44:25] Epoch 1/300
[2026-02-19 22:44:25] ================================================================================
[2026-02-19 22:44:26] 

Error during training: Caught RuntimeError in DataLoader worker process 0.
Original Traceback (most recent call last):
  File "/home/lexie/miniconda3/envs/mastersThesis/lib/python3.12/site-packages/monai/transforms/transform.py", line 150, in apply_transform
    return _apply_transform(transform, data, unpack_items, lazy, overrides, log_stats)
           ^^^^^^^^^^^^^^^^^^^^^^^^^^^^^^^^^^^^^^^^^^^^^^^^^^^^^^^^^^^^^^^^^^^^^^^^^^^
  File "/home/lexie/miniconda3/envs/mastersThesis/lib/python3.12/site-packages/monai/transforms/transform.py", line 98, in _apply_transform
    return transform(data, lazy=lazy) if isinstance(transform, LazyTrait) else transform(data)
                                                                               ^^^^^^^^^^^^^^^
  File "/home/lexie/miniconda3/envs/mastersThesis/lib/python3.12/site-packages/monai/transforms/post/dictionary.py", line 209, in __call__
    d[key] = self.converter(d[key], argmax, to_onehot, threshold, rounding)
             ^^^^^^^^^^^^^^^^^^^^^^^^^^^^^^^^^^^^^^^^^^^^^^^^^^^^^^^^^^^^^^
  File "/home/lexie/miniconda3/envs/mastersThesis/lib/python3.12/site-packages/monai/transforms/post/array.py", line 222, in __call__
    img_t = one_hot(
            ^^^^^^^^
  File "/home/lexie/miniconda3/envs/mastersThesis/lib/python3.12/site-packages/monai/networks/utils.py", line 218, in one_hot
    labels = o.scatter_(dim=dim, index=labels.long(), value=1)
             ^^^^^^^^^^^^^^^^^^^^^^^^^^^^^^^^^^^^^^^^^^^^^^^^^
RuntimeError: index 3 is out of bounds for dimension 0 with size 3

The above exception was the direct cause of the following exception:

Traceback (most recent call last):
  File "/home/lexie/miniconda3/envs/mastersThesis/lib/python3.12/site-packages/torch/utils/data/_utils/worker.py", line 349, in _worker_loop
    data = fetcher.fetch(index)  # type: ignore[possibly-undefined]
           ^^^^^^^^^^^^^^^^^^^^
  File "/home/lexie/miniconda3/envs/mastersThesis/lib/python3.12/site-packages/torch/utils/data/_utils/fetch.py", line 52, in fetch
    data = [self.dataset[idx] for idx in possibly_batched_index]
            ~~~~~~~~~~~~^^^^^
  File "/home/lexie/miniconda3/envs/mastersThesis/lib/python3.12/site-packages/monai/data/dataset.py", line 109, in __getitem__
    return self._transform(index)
           ^^^^^^^^^^^^^^^^^^^^^^
  File "/home/lexie/miniconda3/envs/mastersThesis/lib/python3.12/site-packages/monai/data/dataset.py", line 914, in _transform
    return super()._transform(index)
           ^^^^^^^^^^^^^^^^^^^^^^^^^
  File "/home/lexie/miniconda3/envs/mastersThesis/lib/python3.12/site-packages/monai/data/dataset.py", line 95, in _transform
    return self.transform(data_i)
           ^^^^^^^^^^^^^^^^^^^^^^
  File "/home/lexie/miniconda3/envs/mastersThesis/lib/python3.12/site-packages/monai/transforms/compose.py", line 346, in __call__
    result = execute_compose(
             ^^^^^^^^^^^^^^^^
  File "/home/lexie/miniconda3/envs/mastersThesis/lib/python3.12/site-packages/monai/transforms/compose.py", line 116, in execute_compose
    data = apply_transform(
           ^^^^^^^^^^^^^^^^
  File "/home/lexie/miniconda3/envs/mastersThesis/lib/python3.12/site-packages/monai/transforms/transform.py", line 180, in apply_transform
    raise RuntimeError(f"applying transform {transform}") from e
RuntimeError: applying transform <monai.transforms.post.dictionary.AsDiscreted object at 0x7677f193b6e0>

