[2026-02-19 23:27:19] ================================================================================
[2026-02-19 23:27:19] Training Session Started
[2026-02-19 23:27:19] Timestamp: 20260219_232719
[2026-02-19 23:27:19] ================================================================================
[2026-02-19 23:27:19] ================================================================================
[2026-02-19 23:27:19] Swin UNETR Training - BraTS 2023 (Memory Optimized)
[2026-02-19 23:27:19] ================================================================================
[2026-02-19 23:27:19] Device: cuda
[2026-02-19 23:27:19] GPU: NVIDIA GeForce RTX 4070 Ti SUPER
[2026-02-19 23:27:19] GPU Memory: 16.71 GB
[2026-02-19 23:27:19] 
Configuration:
[2026-02-19 23:27:19] --------------------------------------------------------------------------------
[2026-02-19 23:27:19] --------------------------------------------------------------------------------
[2026-02-19 23:27:19] 
Loading data lists...
[2026-02-19 23:27:19]   Training samples: 1000
[2026-02-19 23:27:19]   Validation samples: 251
[2026-02-19 23:27:19] 
Creating datasets...
[2026-02-19 23:27:19]   ✓ Datasets created (no caching to save memory)
[2026-02-19 23:27:19] 
Creating model...
