[2026-02-19 22:41:28] ================================================================================
[2026-02-19 22:41:28] Training Session Started
[2026-02-19 22:41:28] Timestamp: 20260219_224128
[2026-02-19 22:41:28] ================================================================================
[2026-02-19 22:41:28] ================================================================================
[2026-02-19 22:41:28] Swin UNETR Training - BraTS 2023
[2026-02-19 22:41:28] ================================================================================
[2026-02-19 22:41:28] Device: cuda
[2026-02-19 22:41:28] GPU: NVIDIA GeForce RTX 4070 Ti SUPER
[2026-02-19 22:41:28] GPU Memory: 16.71 GB
[2026-02-19 22:41:28] 
Configuration:
[2026-02-19 22:41:28] --------------------------------------------------------------------------------
[2026-02-19 22:41:28] --------------------------------------------------------------------------------
[2026-02-19 22:41:28] 
Loading data lists...
[2026-02-19 22:41:28]   Training samples: 1000
[2026-02-19 22:41:28]   Validation samples: 251
[2026-02-19 22:41:28] 
Creating datasets...
[2026-02-19 22:41:28]   ✓ Datasets created
[2026-02-19 22:41:28] 
Creating model...
