[2026-02-19 23:37:26] ================================================================================
[2026-02-19 23:37:26] Training Session Started
[2026-02-19 23:37:26] Timestamp: 20260219_233726
[2026-02-19 23:37:26] ================================================================================
[2026-02-19 23:37:26] ================================================================================
[2026-02-19 23:37:26] Swin UNETR Training - BraTS 2023 (Memory Optimized)
[2026-02-19 23:37:26] ================================================================================
[2026-02-19 23:37:26] Device: cuda
[2026-02-19 23:37:26] GPU: NVIDIA GeForce RTX 4070 Ti SUPER
[2026-02-19 23:37:26] GPU Memory: 16.71 GB
[2026-02-19 23:37:26] 
Configuration:
[2026-02-19 23:37:26] --------------------------------------------------------------------------------
[2026-02-19 23:37:26] --------------------------------------------------------------------------------
[2026-02-19 23:37:26] 
Loading data lists...
[2026-02-19 23:37:26]   Training samples: 1000
[2026-02-19 23:37:26]   Validation samples: 251
[2026-02-19 23:37:26] 
Creating datasets...
[2026-02-19 23:37:26]   ✓ Datasets created (no caching to save memory)
[2026-02-19 23:37:26] 
Creating model...
[2026-02-19 23:37:26] 
Model Information:
[2026-02-19 23:37:26] --------------------------------------------------------------------------------
[2026-02-19 23:37:26]   Architecture: Swin UNETR
[2026-02-19 23:37:26]   Total Parameters: 15,705,621
[2026-02-19 23:37:26]   Trainable Parameters: 15,705,621
[2026-02-19 23:37:26]   Model Size: 59.91 MB (float32)
[2026-02-19 23:37:26] --------------------------------------------------------------------------------
[2026-02-19 23:37:26] 
✓ Training setup complete
[2026-02-19 23:37:26] 
Starting training...
[2026-02-19 23:37:26] Memory optimization enabled:
[2026-02-19 23:37:26]   - Patch size: 3
[2026-02-19 23:37:26]   - Gradient accumulation: 4 steps
[2026-02-19 23:37:26]   - No data caching
[2026-02-19 23:37:26]   - Reduced workers: 2
[2026-02-19 23:37:26] 
================================================================================
[2026-02-19 23:37:26] Epoch 1/300
[2026-02-19 23:37:26] ================================================================================
[2026-02-19 23:42:39] 
Epoch 1 Summary:
[2026-02-19 23:42:39]   Training Loss: 0.921925
[2026-02-19 23:42:39]   Learning Rate: 1.000000e-04
[2026-02-19 23:42:39]   Epoch Time: 313.11s
[2026-02-19 23:42:39]   Total Time: 0.09h
[2026-02-19 23:42:39] 
================================================================================
[2026-02-19 23:42:39] Epoch 2/300
[2026-02-19 23:42:39] ================================================================================
[2026-02-19 23:47:32] 
Epoch 2 Summary:
[2026-02-19 23:47:32]   Training Loss: 0.904647
[2026-02-19 23:47:32]   Learning Rate: 9.999726e-05
[2026-02-19 23:47:32]   Epoch Time: 292.68s
[2026-02-19 23:47:32]   Total Time: 0.17h
[2026-02-19 23:47:32] 
================================================================================
[2026-02-19 23:47:32] Epoch 3/300
[2026-02-19 23:47:32] ================================================================================
[2026-02-19 23:52:27] 
Epoch 3 Summary:
[2026-02-19 23:52:27]   Training Loss: 0.885150
[2026-02-19 23:52:27]   Learning Rate: 9.998903e-05
[2026-02-19 23:52:27]   Epoch Time: 295.00s
[2026-02-19 23:52:27]   Total Time: 0.25h
[2026-02-19 23:52:27] 
================================================================================
[2026-02-19 23:52:27] Epoch 4/300
[2026-02-19 23:52:27] ================================================================================
[2026-02-19 23:57:21] 
Epoch 4 Summary:
[2026-02-19 23:57:21]   Training Loss: 0.857801
[2026-02-19 23:57:21]   Learning Rate: 9.997533e-05
[2026-02-19 23:57:21]   Epoch Time: 293.85s
[2026-02-19 23:57:21]   Total Time: 0.33h
[2026-02-19 23:57:21] 
================================================================================
[2026-02-19 23:57:21] Epoch 5/300
[2026-02-19 23:57:21] ================================================================================
[2026-02-20 00:02:15] 
Epoch 5 Summary:
[2026-02-20 00:02:15]   Training Loss: 0.839503
[2026-02-20 00:02:15]   Learning Rate: 9.995614e-05
[2026-02-20 00:02:15]   Epoch Time: 294.20s
[2026-02-20 00:02:15]   Total Time: 0.41h
[2026-02-20 00:02:15] 
================================================================================
[2026-02-20 00:02:15] Epoch 6/300
[2026-02-20 00:02:15] ================================================================================
[2026-02-20 00:07:00] 
Epoch 6 Summary:
[2026-02-20 00:07:00]   Training Loss: 0.822929
[2026-02-20 00:07:00]   Learning Rate: 9.993148e-05
[2026-02-20 00:07:00]   Epoch Time: 285.17s
[2026-02-20 00:07:00]   Total Time: 0.49h
[2026-02-20 00:07:00] 
================================================================================
[2026-02-20 00:07:00] Epoch 7/300
[2026-02-20 00:07:00] ================================================================================
[2026-02-20 00:11:45] 
Epoch 7 Summary:
[2026-02-20 00:11:45]   Training Loss: 0.802363
[2026-02-20 00:11:45]   Learning Rate: 9.990134e-05
[2026-02-20 00:11:45]   Epoch Time: 284.85s
[2026-02-20 00:11:45]   Total Time: 0.57h
[2026-02-20 00:11:45] 
================================================================================
[2026-02-20 00:11:45] Epoch 8/300
[2026-02-20 00:11:45] ================================================================================
[2026-02-20 00:16:29] 
Epoch 8 Summary:
[2026-02-20 00:16:29]   Training Loss: 0.790014
[2026-02-20 00:16:29]   Learning Rate: 9.986572e-05
[2026-02-20 00:16:29]   Epoch Time: 284.27s
[2026-02-20 00:16:29]   Total Time: 0.65h
[2026-02-20 00:16:29] 
================================================================================
[2026-02-20 00:16:29] Epoch 9/300
[2026-02-20 00:16:29] ================================================================================
[2026-02-20 00:21:14] 
Epoch 9 Summary:
[2026-02-20 00:21:14]   Training Loss: 0.774994
[2026-02-20 00:21:14]   Learning Rate: 9.982464e-05
[2026-02-20 00:21:14]   Epoch Time: 284.95s
[2026-02-20 00:21:14]   Total Time: 0.73h
[2026-02-20 00:21:14] 
================================================================================
[2026-02-20 00:21:14] Epoch 10/300
[2026-02-20 00:21:14] ================================================================================
[2026-02-20 00:25:59] 
Epoch 10 Summary:
[2026-02-20 00:25:59]   Training Loss: 0.782211
[2026-02-20 00:25:59]   Learning Rate: 9.977810e-05
[2026-02-20 00:25:59]   Epoch Time: 284.26s
[2026-02-20 00:25:59]   Total Time: 0.81h
[2026-02-20 00:25:59] 
================================================================================
[2026-02-20 00:25:59] Epoch 11/300
[2026-02-20 00:25:59] ================================================================================
[2026-02-20 00:30:43] 
Epoch 11 Summary:
[2026-02-20 00:30:43]   Training Loss: 0.763914
[2026-02-20 00:30:43]   Learning Rate: 9.972609e-05
[2026-02-20 00:30:43]   Epoch Time: 284.83s
[2026-02-20 00:30:43]   Total Time: 0.89h
[2026-02-20 00:30:43] 
================================================================================
[2026-02-20 00:30:43] Epoch 12/300
[2026-02-20 00:30:43] ================================================================================
[2026-02-20 00:35:30] 
Epoch 12 Summary:
[2026-02-20 00:35:30]   Training Loss: 0.765784
[2026-02-20 00:35:30]   Learning Rate: 9.966864e-05
[2026-02-20 00:35:30]   Epoch Time: 286.42s
[2026-02-20 00:35:30]   Total Time: 0.97h
[2026-02-20 00:35:30] 
================================================================================
[2026-02-20 00:35:30] Epoch 13/300
[2026-02-20 00:35:30] ================================================================================
[2026-02-20 00:40:14] 
Epoch 13 Summary:
[2026-02-20 00:40:14]   Training Loss: 0.767339
[2026-02-20 00:40:14]   Learning Rate: 9.960574e-05
[2026-02-20 00:40:14]   Epoch Time: 284.52s
[2026-02-20 00:40:14]   Total Time: 1.05h
[2026-02-20 00:40:14] 
================================================================================
[2026-02-20 00:40:14] Epoch 14/300
[2026-02-20 00:40:14] ================================================================================
[2026-02-20 00:44:58] 
Epoch 14 Summary:
[2026-02-20 00:44:58]   Training Loss: 0.756413
[2026-02-20 00:44:58]   Learning Rate: 9.953739e-05
[2026-02-20 00:44:58]   Epoch Time: 284.22s
[2026-02-20 00:44:58]   Total Time: 1.13h
[2026-02-20 00:44:58] 
================================================================================
[2026-02-20 00:44:58] Epoch 15/300
[2026-02-20 00:44:58] ================================================================================
[2026-02-20 00:49:43] 
Epoch 15 Summary:
[2026-02-20 00:49:43]   Training Loss: 0.765529
[2026-02-20 00:49:43]   Learning Rate: 9.946362e-05
[2026-02-20 00:49:43]   Epoch Time: 284.75s
[2026-02-20 00:49:43]   Total Time: 1.20h
[2026-02-20 00:49:43] 
================================================================================
[2026-02-20 00:49:43] Epoch 16/300
[2026-02-20 00:49:43] ================================================================================
[2026-02-20 00:54:28] 
Epoch 16 Summary:
[2026-02-20 00:54:28]   Training Loss: 0.748697
[2026-02-20 00:54:28]   Learning Rate: 9.938442e-05
[2026-02-20 00:54:28]   Epoch Time: 285.11s
[2026-02-20 00:54:28]   Total Time: 1.28h
[2026-02-20 00:54:28] 
================================================================================
[2026-02-20 00:54:28] Epoch 17/300
[2026-02-20 00:54:28] ================================================================================
[2026-02-20 00:59:13] 
Epoch 17 Summary:
[2026-02-20 00:59:13]   Training Loss: 0.755801
[2026-02-20 00:59:13]   Learning Rate: 9.929980e-05
[2026-02-20 00:59:13]   Epoch Time: 284.46s
[2026-02-20 00:59:13]   Total Time: 1.36h
[2026-02-20 00:59:13] 
================================================================================
[2026-02-20 00:59:13] Epoch 18/300
[2026-02-20 00:59:13] ================================================================================
[2026-02-20 01:03:57] 
Epoch 18 Summary:
[2026-02-20 01:03:57]   Training Loss: 0.760661
[2026-02-20 01:03:57]   Learning Rate: 9.920978e-05
[2026-02-20 01:03:57]   Epoch Time: 284.65s
[2026-02-20 01:03:57]   Total Time: 1.44h
[2026-02-20 01:03:57] 
================================================================================
[2026-02-20 01:03:57] Epoch 19/300
[2026-02-20 01:03:57] ================================================================================
[2026-02-20 01:08:41] 
Epoch 19 Summary:
[2026-02-20 01:08:41]   Training Loss: 0.752021
[2026-02-20 01:08:41]   Learning Rate: 9.911436e-05
[2026-02-20 01:08:41]   Epoch Time: 283.66s
[2026-02-20 01:08:41]   Total Time: 1.52h
[2026-02-20 01:08:41] 
================================================================================
[2026-02-20 01:08:41] Epoch 20/300
[2026-02-20 01:08:41] ================================================================================
[2026-02-20 01:13:25] 
Epoch 20 Summary:
[2026-02-20 01:13:25]   Training Loss: 0.747604
[2026-02-20 01:13:25]   Learning Rate: 9.901356e-05
[2026-02-20 01:13:25]   Epoch Time: 283.85s
[2026-02-20 01:13:25]   Total Time: 1.60h
[2026-02-20 01:19:01] 
────────────────────────────────────────────────────────────────────────────────
[2026-02-20 01:19:01] Validation Results:
[2026-02-20 01:19:01]   ET (Enhancing Tumor): 0.7865
[2026-02-20 01:19:01]   TC (Tumor Core):      0.7430
[2026-02-20 01:19:01]   WT (Whole Tumor):     0.8305
[2026-02-20 01:19:01]   Average Dice:         0.7866
[2026-02-20 01:19:01]   ✓ New best model! (↑ 0.7866)
[2026-02-20 01:19:01] ────────────────────────────────────────────────────────────────────────────────
[2026-02-20 01:19:01]   ✓ Saved best checkpoint (Epoch 20)
[2026-02-20 01:19:01] 
================================================================================
[2026-02-20 01:19:01] Epoch 21/300
[2026-02-20 01:19:01] ================================================================================
[2026-02-20 01:23:50] 
Epoch 21 Summary:
[2026-02-20 01:23:50]   Training Loss: 0.740696
[2026-02-20 01:23:50]   Learning Rate: 9.890738e-05
[2026-02-20 01:23:50]   Epoch Time: 288.36s
[2026-02-20 01:23:50]   Total Time: 1.77h
[2026-02-20 01:23:50] 
================================================================================
[2026-02-20 01:23:50] Epoch 22/300
[2026-02-20 01:23:50] ================================================================================
[2026-02-20 01:28:43] 
Epoch 22 Summary:
[2026-02-20 01:28:43]   Training Loss: 0.753884
[2026-02-20 01:28:43]   Learning Rate: 9.879584e-05
[2026-02-20 01:28:43]   Epoch Time: 292.78s
[2026-02-20 01:28:43]   Total Time: 1.85h
[2026-02-20 01:28:43] 
================================================================================
[2026-02-20 01:28:43] Epoch 23/300
[2026-02-20 01:28:43] ================================================================================
[2026-02-20 01:33:35] 
Epoch 23 Summary:
[2026-02-20 01:33:35]   Training Loss: 0.755395
[2026-02-20 01:33:35]   Learning Rate: 9.867895e-05
[2026-02-20 01:33:35]   Epoch Time: 292.44s
[2026-02-20 01:33:35]   Total Time: 1.94h
[2026-02-20 01:33:35] 
================================================================================
[2026-02-20 01:33:35] Epoch 24/300
[2026-02-20 01:33:35] ================================================================================
[2026-02-20 01:38:29] 
Epoch 24 Summary:
[2026-02-20 01:38:29]   Training Loss: 0.750695
[2026-02-20 01:38:29]   Learning Rate: 9.855671e-05
[2026-02-20 01:38:29]   Epoch Time: 294.05s
[2026-02-20 01:38:29]   Total Time: 2.02h
[2026-02-20 01:38:29] 
================================================================================
[2026-02-20 01:38:29] Epoch 25/300
[2026-02-20 01:38:29] ================================================================================
[2026-02-20 01:43:23] 
Epoch 25 Summary:
[2026-02-20 01:43:23]   Training Loss: 0.745317
[2026-02-20 01:43:23]   Learning Rate: 9.842916e-05
[2026-02-20 01:43:23]   Epoch Time: 293.79s
[2026-02-20 01:43:23]   Total Time: 2.10h
[2026-02-20 01:43:23] 
================================================================================
[2026-02-20 01:43:23] Epoch 26/300
[2026-02-20 01:43:23] ================================================================================
[2026-02-20 01:48:15] 
Epoch 26 Summary:
[2026-02-20 01:48:15]   Training Loss: 0.762510
[2026-02-20 01:48:15]   Learning Rate: 9.829629e-05
[2026-02-20 01:48:15]   Epoch Time: 292.38s
[2026-02-20 01:48:15]   Total Time: 2.18h
[2026-02-20 01:48:15] 
================================================================================
[2026-02-20 01:48:15] Epoch 27/300
[2026-02-20 01:48:15] ================================================================================
[2026-02-20 01:53:09] 
Epoch 27 Summary:
[2026-02-20 01:53:09]   Training Loss: 0.738676
[2026-02-20 01:53:09]   Learning Rate: 9.815813e-05
[2026-02-20 01:53:09]   Epoch Time: 293.76s
[2026-02-20 01:53:09]   Total Time: 2.26h
[2026-02-20 01:53:09] 
================================================================================
[2026-02-20 01:53:09] Epoch 28/300
[2026-02-20 01:53:09] ================================================================================
[2026-02-20 01:58:04] 
Epoch 28 Summary:
[2026-02-20 01:58:04]   Training Loss: 0.751863
[2026-02-20 01:58:04]   Learning Rate: 9.801468e-05
[2026-02-20 01:58:04]   Epoch Time: 294.87s
[2026-02-20 01:58:04]   Total Time: 2.34h
[2026-02-20 01:58:04] 
================================================================================
[2026-02-20 01:58:04] Epoch 29/300
[2026-02-20 01:58:04] ================================================================================
[2026-02-20 02:02:57] 
Epoch 29 Summary:
[2026-02-20 02:02:57]   Training Loss: 0.769957
[2026-02-20 02:02:57]   Learning Rate: 9.786597e-05
[2026-02-20 02:02:57]   Epoch Time: 292.73s
[2026-02-20 02:02:57]   Total Time: 2.43h
[2026-02-20 02:02:57] 
================================================================================
[2026-02-20 02:02:57] Epoch 30/300
[2026-02-20 02:02:57] ================================================================================
[2026-02-20 02:07:50] 
Epoch 30 Summary:
[2026-02-20 02:07:50]   Training Loss: 0.759918
[2026-02-20 02:07:50]   Learning Rate: 9.771202e-05
[2026-02-20 02:07:50]   Epoch Time: 293.78s
[2026-02-20 02:07:50]   Total Time: 2.51h
[2026-02-20 02:07:50] 
================================================================================
[2026-02-20 02:07:50] Epoch 31/300
[2026-02-20 02:07:50] ================================================================================
[2026-02-20 02:12:43] 
Epoch 31 Summary:
[2026-02-20 02:12:43]   Training Loss: 0.738479
[2026-02-20 02:12:43]   Learning Rate: 9.755283e-05
[2026-02-20 02:12:43]   Epoch Time: 292.71s
[2026-02-20 02:12:43]   Total Time: 2.59h
[2026-02-20 02:12:43] 
================================================================================
[2026-02-20 02:12:43] Epoch 32/300
[2026-02-20 02:12:43] ================================================================================
[2026-02-20 02:17:39] 
Epoch 32 Summary:
[2026-02-20 02:17:39]   Training Loss: 0.735851
[2026-02-20 02:17:39]   Learning Rate: 9.738842e-05
[2026-02-20 02:17:39]   Epoch Time: 295.55s
[2026-02-20 02:17:39]   Total Time: 2.67h
[2026-02-20 02:17:39] 
================================================================================
[2026-02-20 02:17:39] Epoch 33/300
[2026-02-20 02:17:39] ================================================================================
[2026-02-20 02:22:33] 
Epoch 33 Summary:
[2026-02-20 02:22:33]   Training Loss: 0.730451
[2026-02-20 02:22:33]   Learning Rate: 9.721882e-05
[2026-02-20 02:22:33]   Epoch Time: 294.29s
[2026-02-20 02:22:33]   Total Time: 2.75h
[2026-02-20 02:22:33] 
================================================================================
[2026-02-20 02:22:33] Epoch 34/300
[2026-02-20 02:22:33] ================================================================================
[2026-02-20 02:27:28] 
Epoch 34 Summary:
[2026-02-20 02:27:28]   Training Loss: 0.757692
[2026-02-20 02:27:28]   Learning Rate: 9.704404e-05
[2026-02-20 02:27:28]   Epoch Time: 294.92s
[2026-02-20 02:27:28]   Total Time: 2.83h
[2026-02-20 02:27:28] 
================================================================================
[2026-02-20 02:27:28] Epoch 35/300
[2026-02-20 02:27:28] ================================================================================
[2026-02-20 02:32:23] 
Epoch 35 Summary:
[2026-02-20 02:32:23]   Training Loss: 0.723586
[2026-02-20 02:32:23]   Learning Rate: 9.686410e-05
[2026-02-20 02:32:23]   Epoch Time: 295.04s
[2026-02-20 02:32:23]   Total Time: 2.92h
[2026-02-20 02:32:23] 
================================================================================
[2026-02-20 02:32:23] Epoch 36/300
[2026-02-20 02:32:23] ================================================================================
[2026-02-20 02:37:18] 
Epoch 36 Summary:
[2026-02-20 02:37:18]   Training Loss: 0.744189
[2026-02-20 02:37:18]   Learning Rate: 9.667902e-05
[2026-02-20 02:37:18]   Epoch Time: 294.78s
[2026-02-20 02:37:18]   Total Time: 3.00h
[2026-02-20 02:37:18] 
================================================================================
[2026-02-20 02:37:18] Epoch 37/300
[2026-02-20 02:37:18] ================================================================================
[2026-02-20 02:42:14] 
Epoch 37 Summary:
[2026-02-20 02:42:14]   Training Loss: 0.753335
[2026-02-20 02:42:14]   Learning Rate: 9.648882e-05
[2026-02-20 02:42:14]   Epoch Time: 296.40s
[2026-02-20 02:42:14]   Total Time: 3.08h
[2026-02-20 02:42:14] 
================================================================================
[2026-02-20 02:42:14] Epoch 38/300
[2026-02-20 02:42:14] ================================================================================
[2026-02-20 02:47:08] 
Epoch 38 Summary:
[2026-02-20 02:47:08]   Training Loss: 0.745454
[2026-02-20 02:47:08]   Learning Rate: 9.629353e-05
[2026-02-20 02:47:08]   Epoch Time: 293.98s
[2026-02-20 02:47:08]   Total Time: 3.16h
[2026-02-20 02:47:08] 
================================================================================
[2026-02-20 02:47:08] Epoch 39/300
[2026-02-20 02:47:08] ================================================================================
[2026-02-20 02:52:03] 
Epoch 39 Summary:
[2026-02-20 02:52:03]   Training Loss: 0.735905
[2026-02-20 02:52:03]   Learning Rate: 9.609316e-05
[2026-02-20 02:52:03]   Epoch Time: 294.65s
[2026-02-20 02:52:03]   Total Time: 3.24h
[2026-02-20 02:52:03] 
================================================================================
[2026-02-20 02:52:03] Epoch 40/300
[2026-02-20 02:52:03] ================================================================================
[2026-02-20 02:56:57] 
Epoch 40 Summary:
[2026-02-20 02:56:57]   Training Loss: 0.731092
[2026-02-20 02:56:57]   Learning Rate: 9.588773e-05
[2026-02-20 02:56:57]   Epoch Time: 294.31s
[2026-02-20 02:56:57]   Total Time: 3.33h
[2026-02-20 03:02:33] 
────────────────────────────────────────────────────────────────────────────────
[2026-02-20 03:02:33] Validation Results:
[2026-02-20 03:02:33]   ET (Enhancing Tumor): 0.8254
[2026-02-20 03:02:33]   TC (Tumor Core):      0.8058
[2026-02-20 03:02:33]   WT (Whole Tumor):     0.8567
[2026-02-20 03:02:33]   Average Dice:         0.8293
[2026-02-20 03:02:33]   ✓ New best model! (↑ 0.0426)
[2026-02-20 03:02:33] ────────────────────────────────────────────────────────────────────────────────
[2026-02-20 03:02:33]   ✓ Saved best checkpoint (Epoch 40)
[2026-02-20 03:02:33] 
================================================================================
[2026-02-20 03:02:33] Epoch 41/300
[2026-02-20 03:02:33] ================================================================================
[2026-02-20 03:07:27] 
Epoch 41 Summary:
[2026-02-20 03:07:27]   Training Loss: 0.731977
[2026-02-20 03:07:27]   Learning Rate: 9.567727e-05
[2026-02-20 03:07:27]   Epoch Time: 294.22s
[2026-02-20 03:07:27]   Total Time: 3.50h
[2026-02-20 03:07:27] 
================================================================================
[2026-02-20 03:07:27] Epoch 42/300
[2026-02-20 03:07:27] ================================================================================
[2026-02-20 03:12:21] 
Epoch 42 Summary:
[2026-02-20 03:12:21]   Training Loss: 0.738594
[2026-02-20 03:12:21]   Learning Rate: 9.546181e-05
[2026-02-20 03:12:21]   Epoch Time: 294.34s
[2026-02-20 03:12:21]   Total Time: 3.58h
[2026-02-20 03:12:21] 
================================================================================
[2026-02-20 03:12:21] Epoch 43/300
[2026-02-20 03:12:21] ================================================================================
[2026-02-20 03:17:18] 
Epoch 43 Summary:
[2026-02-20 03:17:18]   Training Loss: 0.756873
[2026-02-20 03:17:18]   Learning Rate: 9.524135e-05
[2026-02-20 03:17:18]   Epoch Time: 296.58s
[2026-02-20 03:17:18]   Total Time: 3.66h
[2026-02-20 03:17:18] 
================================================================================
[2026-02-20 03:17:18] Epoch 44/300
[2026-02-20 03:17:18] ================================================================================
[2026-02-20 03:22:13] 
Epoch 44 Summary:
[2026-02-20 03:22:13]   Training Loss: 0.735825
[2026-02-20 03:22:13]   Learning Rate: 9.501594e-05
[2026-02-20 03:22:13]   Epoch Time: 295.07s
[2026-02-20 03:22:13]   Total Time: 3.75h
[2026-02-20 03:22:13] 
================================================================================
[2026-02-20 03:22:13] Epoch 45/300
[2026-02-20 03:22:13] ================================================================================
[2026-02-20 03:27:07] 
Epoch 45 Summary:
[2026-02-20 03:27:07]   Training Loss: 0.720550
[2026-02-20 03:27:07]   Learning Rate: 9.478559e-05
[2026-02-20 03:27:07]   Epoch Time: 294.17s
[2026-02-20 03:27:07]   Total Time: 3.83h
[2026-02-20 03:27:07] 
================================================================================
[2026-02-20 03:27:07] Epoch 46/300
[2026-02-20 03:27:07] ================================================================================
[2026-02-20 03:32:03] 
Epoch 46 Summary:
[2026-02-20 03:32:03]   Training Loss: 0.745363
[2026-02-20 03:32:03]   Learning Rate: 9.455033e-05
[2026-02-20 03:32:03]   Epoch Time: 296.20s
[2026-02-20 03:32:03]   Total Time: 3.91h
[2026-02-20 03:32:03] 
================================================================================
[2026-02-20 03:32:03] Epoch 47/300
[2026-02-20 03:32:03] ================================================================================
[2026-02-20 03:36:59] 
Epoch 47 Summary:
[2026-02-20 03:36:59]   Training Loss: 0.738094
[2026-02-20 03:36:59]   Learning Rate: 9.431018e-05
[2026-02-20 03:36:59]   Epoch Time: 295.76s
[2026-02-20 03:36:59]   Total Time: 3.99h
[2026-02-20 03:36:59] 
================================================================================
[2026-02-20 03:36:59] Epoch 48/300
[2026-02-20 03:36:59] ================================================================================
[2026-02-20 03:41:53] 
Epoch 48 Summary:
[2026-02-20 03:41:53]   Training Loss: 0.744921
[2026-02-20 03:41:53]   Learning Rate: 9.406517e-05
[2026-02-20 03:41:53]   Epoch Time: 294.21s
[2026-02-20 03:41:53]   Total Time: 4.07h
[2026-02-20 03:41:53] 
================================================================================
[2026-02-20 03:41:53] Epoch 49/300
[2026-02-20 03:41:53] ================================================================================
[2026-02-20 03:46:49] 
Epoch 49 Summary:
[2026-02-20 03:46:49]   Training Loss: 0.749014
[2026-02-20 03:46:49]   Learning Rate: 9.381533e-05
[2026-02-20 03:46:49]   Epoch Time: 295.11s
[2026-02-20 03:46:49]   Total Time: 4.16h
[2026-02-20 03:46:49] 
================================================================================
[2026-02-20 03:46:49] Epoch 50/300
[2026-02-20 03:46:49] ================================================================================
[2026-02-20 03:51:44] 
Epoch 50 Summary:
[2026-02-20 03:51:44]   Training Loss: 0.746519
[2026-02-20 03:51:44]   Learning Rate: 9.356069e-05
[2026-02-20 03:51:44]   Epoch Time: 295.92s
[2026-02-20 03:51:44]   Total Time: 4.24h
[2026-02-20 03:51:45]   ✓ Saved epoch_50 checkpoint (Epoch 50)
[2026-02-20 03:51:45] 
================================================================================
[2026-02-20 03:51:45] Epoch 51/300
[2026-02-20 03:51:45] ================================================================================
[2026-02-20 03:56:38] 
Epoch 51 Summary:
[2026-02-20 03:56:38]   Training Loss: 0.747145
[2026-02-20 03:56:38]   Learning Rate: 9.330127e-05
[2026-02-20 03:56:38]   Epoch Time: 293.79s
[2026-02-20 03:56:38]   Total Time: 4.32h
[2026-02-20 03:56:38] 
================================================================================
[2026-02-20 03:56:38] Epoch 52/300
[2026-02-20 03:56:38] ================================================================================
[2026-02-20 04:01:24] 
Epoch 52 Summary:
[2026-02-20 04:01:24]   Training Loss: 0.731893
[2026-02-20 04:01:24]   Learning Rate: 9.303710e-05
[2026-02-20 04:01:24]   Epoch Time: 285.25s
[2026-02-20 04:01:24]   Total Time: 4.40h
[2026-02-20 04:01:24] 
================================================================================
[2026-02-20 04:01:24] Epoch 53/300
[2026-02-20 04:01:24] ================================================================================
[2026-02-20 04:06:10] 
Epoch 53 Summary:
[2026-02-20 04:06:10]   Training Loss: 0.751585
[2026-02-20 04:06:10]   Learning Rate: 9.276821e-05
[2026-02-20 04:06:10]   Epoch Time: 286.46s
[2026-02-20 04:06:10]   Total Time: 4.48h
[2026-02-20 04:06:10] 
================================================================================
[2026-02-20 04:06:10] Epoch 54/300
[2026-02-20 04:06:10] ================================================================================
[2026-02-20 04:10:56] 
Epoch 54 Summary:
[2026-02-20 04:10:56]   Training Loss: 0.716660
[2026-02-20 04:10:56]   Learning Rate: 9.249463e-05
[2026-02-20 04:10:56]   Epoch Time: 286.30s
[2026-02-20 04:10:56]   Total Time: 4.56h
[2026-02-20 04:10:56] 
================================================================================
[2026-02-20 04:10:56] Epoch 55/300
[2026-02-20 04:10:56] ================================================================================
[2026-02-20 04:15:42] 
Epoch 55 Summary:
[2026-02-20 04:15:42]   Training Loss: 0.714323
[2026-02-20 04:15:42]   Learning Rate: 9.221640e-05
[2026-02-20 04:15:42]   Epoch Time: 286.17s
[2026-02-20 04:15:42]   Total Time: 4.64h
[2026-02-20 04:15:42] 
================================================================================
[2026-02-20 04:15:42] Epoch 56/300
[2026-02-20 04:15:42] ================================================================================
[2026-02-20 04:20:29] 
Epoch 56 Summary:
[2026-02-20 04:20:29]   Training Loss: 0.737988
[2026-02-20 04:20:29]   Learning Rate: 9.193353e-05
[2026-02-20 04:20:29]   Epoch Time: 286.05s
[2026-02-20 04:20:29]   Total Time: 4.72h
[2026-02-20 04:20:29] 
================================================================================
[2026-02-20 04:20:29] Epoch 57/300
[2026-02-20 04:20:29] ================================================================================
[2026-02-20 04:25:14] 
Epoch 57 Summary:
[2026-02-20 04:25:14]   Training Loss: 0.746040
[2026-02-20 04:25:14]   Learning Rate: 9.164606e-05
[2026-02-20 04:25:14]   Epoch Time: 285.95s
[2026-02-20 04:25:14]   Total Time: 4.80h
[2026-02-20 04:25:14] 
================================================================================
[2026-02-20 04:25:14] Epoch 58/300
[2026-02-20 04:25:14] ================================================================================
[2026-02-20 04:30:00] 
Epoch 58 Summary:
[2026-02-20 04:30:00]   Training Loss: 0.752614
[2026-02-20 04:30:00]   Learning Rate: 9.135403e-05
[2026-02-20 04:30:00]   Epoch Time: 285.56s
[2026-02-20 04:30:00]   Total Time: 4.88h
[2026-02-20 04:30:00] 
================================================================================
[2026-02-20 04:30:00] Epoch 59/300
[2026-02-20 04:30:00] ================================================================================
[2026-02-20 04:34:46] 
Epoch 59 Summary:
[2026-02-20 04:34:46]   Training Loss: 0.721187
[2026-02-20 04:34:46]   Learning Rate: 9.105746e-05
[2026-02-20 04:34:46]   Epoch Time: 285.63s
[2026-02-20 04:34:46]   Total Time: 4.96h
[2026-02-20 04:34:46] 
================================================================================
[2026-02-20 04:34:46] Epoch 60/300
[2026-02-20 04:34:46] ================================================================================
[2026-02-20 04:39:33] 
Epoch 60 Summary:
[2026-02-20 04:39:33]   Training Loss: 0.741107
[2026-02-20 04:39:33]   Learning Rate: 9.075639e-05
[2026-02-20 04:39:33]   Epoch Time: 286.92s
[2026-02-20 04:39:33]   Total Time: 5.04h
[2026-02-20 04:45:08] 
────────────────────────────────────────────────────────────────────────────────
[2026-02-20 04:45:08] Validation Results:
[2026-02-20 04:45:08]   ET (Enhancing Tumor): 0.8349
[2026-02-20 04:45:08]   TC (Tumor Core):      0.8283
[2026-02-20 04:45:08]   WT (Whole Tumor):     0.8813
[2026-02-20 04:45:08]   Average Dice:         0.8482
[2026-02-20 04:45:08]   ✓ New best model! (↑ 0.0189)
[2026-02-20 04:45:08] ────────────────────────────────────────────────────────────────────────────────
[2026-02-20 04:45:09]   ✓ Saved best checkpoint (Epoch 60)
[2026-02-20 04:45:09] 
================================================================================
[2026-02-20 04:45:09] Epoch 61/300
[2026-02-20 04:45:09] ================================================================================
[2026-02-20 04:49:54] 
Epoch 61 Summary:
[2026-02-20 04:49:54]   Training Loss: 0.756190
[2026-02-20 04:49:54]   Learning Rate: 9.045085e-05
[2026-02-20 04:49:54]   Epoch Time: 285.21s
[2026-02-20 04:49:54]   Total Time: 5.21h
[2026-02-20 04:49:54] 
================================================================================
[2026-02-20 04:49:54] Epoch 62/300
[2026-02-20 04:49:54] ================================================================================
[2026-02-20 04:54:50] 
Epoch 62 Summary:
[2026-02-20 04:54:50]   Training Loss: 0.722525
[2026-02-20 04:54:50]   Learning Rate: 9.014087e-05
[2026-02-20 04:54:50]   Epoch Time: 296.32s
[2026-02-20 04:54:50]   Total Time: 5.29h
[2026-02-20 04:54:50] 
================================================================================
[2026-02-20 04:54:50] Epoch 63/300
[2026-02-20 04:54:50] ================================================================================
[2026-02-20 04:59:47] 
Epoch 63 Summary:
[2026-02-20 04:59:47]   Training Loss: 0.723469
[2026-02-20 04:59:47]   Learning Rate: 8.982650e-05
[2026-02-20 04:59:47]   Epoch Time: 296.58s
[2026-02-20 04:59:47]   Total Time: 5.37h
[2026-02-20 04:59:47] 
================================================================================
[2026-02-20 04:59:47] Epoch 64/300
[2026-02-20 04:59:47] ================================================================================
[2026-02-20 05:04:40] 
Epoch 64 Summary:
[2026-02-20 05:04:40]   Training Loss: 0.746162
[2026-02-20 05:04:40]   Learning Rate: 8.950775e-05
[2026-02-20 05:04:40]   Epoch Time: 293.70s
[2026-02-20 05:04:40]   Total Time: 5.45h
[2026-02-20 05:04:40] 
================================================================================
[2026-02-20 05:04:40] Epoch 65/300
[2026-02-20 05:04:40] ================================================================================
[2026-02-20 05:09:35] 
Epoch 65 Summary:
[2026-02-20 05:09:35]   Training Loss: 0.730329
[2026-02-20 05:09:35]   Learning Rate: 8.918467e-05
[2026-02-20 05:09:35]   Epoch Time: 295.00s
[2026-02-20 05:09:35]   Total Time: 5.54h
[2026-02-20 05:09:35] 
================================================================================
[2026-02-20 05:09:35] Epoch 66/300
[2026-02-20 05:09:35] ================================================================================
[2026-02-20 05:14:29] 
Epoch 66 Summary:
[2026-02-20 05:14:29]   Training Loss: 0.721234
[2026-02-20 05:14:29]   Learning Rate: 8.885730e-05
[2026-02-20 05:14:29]   Epoch Time: 293.78s
[2026-02-20 05:14:29]   Total Time: 5.62h
[2026-02-20 05:14:29] 
================================================================================
[2026-02-20 05:14:29] Epoch 67/300
[2026-02-20 05:14:29] ================================================================================
[2026-02-20 05:19:22] 
Epoch 67 Summary:
[2026-02-20 05:19:22]   Training Loss: 0.748697
[2026-02-20 05:19:22]   Learning Rate: 8.852566e-05
[2026-02-20 05:19:22]   Epoch Time: 292.94s
[2026-02-20 05:19:22]   Total Time: 5.70h
[2026-02-20 05:19:22] 
================================================================================
[2026-02-20 05:19:22] Epoch 68/300
[2026-02-20 05:19:22] ================================================================================
[2026-02-20 05:24:16] 
Epoch 68 Summary:
[2026-02-20 05:24:16]   Training Loss: 0.738300
[2026-02-20 05:24:16]   Learning Rate: 8.818980e-05
[2026-02-20 05:24:16]   Epoch Time: 294.35s
[2026-02-20 05:24:16]   Total Time: 5.78h
[2026-02-20 05:24:16] 
================================================================================
[2026-02-20 05:24:16] Epoch 69/300
[2026-02-20 05:24:16] ================================================================================
[2026-02-20 05:29:11] 
Epoch 69 Summary:
[2026-02-20 05:29:11]   Training Loss: 0.726839
[2026-02-20 05:29:11]   Learning Rate: 8.784975e-05
[2026-02-20 05:29:11]   Epoch Time: 294.57s
[2026-02-20 05:29:11]   Total Time: 5.86h
[2026-02-20 05:29:11] 
================================================================================
[2026-02-20 05:29:11] Epoch 70/300
[2026-02-20 05:29:11] ================================================================================
[2026-02-20 05:34:06] 
Epoch 70 Summary:
[2026-02-20 05:34:06]   Training Loss: 0.726618
[2026-02-20 05:34:06]   Learning Rate: 8.750555e-05
[2026-02-20 05:34:06]   Epoch Time: 294.61s
[2026-02-20 05:34:06]   Total Time: 5.94h
[2026-02-20 05:34:06] 
================================================================================
[2026-02-20 05:34:06] Epoch 71/300
[2026-02-20 05:34:06] ================================================================================
[2026-02-20 05:38:59] 
Epoch 71 Summary:
[2026-02-20 05:38:59]   Training Loss: 0.706329
[2026-02-20 05:38:59]   Learning Rate: 8.715724e-05
[2026-02-20 05:38:59]   Epoch Time: 293.71s
[2026-02-20 05:38:59]   Total Time: 6.03h
[2026-02-20 05:38:59] 
================================================================================
[2026-02-20 05:38:59] Epoch 72/300
[2026-02-20 05:38:59] ================================================================================
[2026-02-20 05:43:52] 
Epoch 72 Summary:
[2026-02-20 05:43:52]   Training Loss: 0.757601
[2026-02-20 05:43:52]   Learning Rate: 8.680485e-05
[2026-02-20 05:43:52]   Epoch Time: 292.97s
[2026-02-20 05:43:52]   Total Time: 6.11h
[2026-02-20 05:43:52] 
================================================================================
[2026-02-20 05:43:52] Epoch 73/300
[2026-02-20 05:43:52] ================================================================================
[2026-02-20 05:48:47] 
Epoch 73 Summary:
[2026-02-20 05:48:47]   Training Loss: 0.724209
[2026-02-20 05:48:47]   Learning Rate: 8.644843e-05
[2026-02-20 05:48:47]   Epoch Time: 294.38s
[2026-02-20 05:48:47]   Total Time: 6.19h
[2026-02-20 05:48:47] 
================================================================================
[2026-02-20 05:48:47] Epoch 74/300
[2026-02-20 05:48:47] ================================================================================
[2026-02-20 05:53:42] 
Epoch 74 Summary:
[2026-02-20 05:53:42]   Training Loss: 0.734457
[2026-02-20 05:53:42]   Learning Rate: 8.608801e-05
[2026-02-20 05:53:42]   Epoch Time: 295.27s
[2026-02-20 05:53:42]   Total Time: 6.27h
[2026-02-20 05:53:42] 
================================================================================
[2026-02-20 05:53:42] Epoch 75/300
[2026-02-20 05:53:42] ================================================================================
[2026-02-20 05:58:37] 
Epoch 75 Summary:
[2026-02-20 05:58:37]   Training Loss: 0.723154
[2026-02-20 05:58:37]   Learning Rate: 8.572363e-05
[2026-02-20 05:58:37]   Epoch Time: 294.77s
[2026-02-20 05:58:37]   Total Time: 6.35h
[2026-02-20 05:58:37] 
================================================================================
[2026-02-20 05:58:37] Epoch 76/300
[2026-02-20 05:58:37] ================================================================================
[2026-02-20 06:03:31] 
Epoch 76 Summary:
[2026-02-20 06:03:31]   Training Loss: 0.730379
[2026-02-20 06:03:31]   Learning Rate: 8.535534e-05
[2026-02-20 06:03:31]   Epoch Time: 294.40s
[2026-02-20 06:03:31]   Total Time: 6.43h
[2026-02-20 06:03:31] 
================================================================================
[2026-02-20 06:03:31] Epoch 77/300
[2026-02-20 06:03:31] ================================================================================
[2026-02-20 06:08:26] 
Epoch 77 Summary:
[2026-02-20 06:08:26]   Training Loss: 0.724786
[2026-02-20 06:08:26]   Learning Rate: 8.498317e-05
[2026-02-20 06:08:26]   Epoch Time: 294.67s
[2026-02-20 06:08:26]   Total Time: 6.52h
[2026-02-20 06:08:26] 
================================================================================
[2026-02-20 06:08:26] Epoch 78/300
[2026-02-20 06:08:26] ================================================================================
[2026-02-20 06:13:21] 
Epoch 78 Summary:
[2026-02-20 06:13:21]   Training Loss: 0.745631
[2026-02-20 06:13:21]   Learning Rate: 8.460716e-05
[2026-02-20 06:13:21]   Epoch Time: 295.00s
[2026-02-20 06:13:21]   Total Time: 6.60h
[2026-02-20 06:13:21] 
================================================================================
[2026-02-20 06:13:21] Epoch 79/300
[2026-02-20 06:13:21] ================================================================================
[2026-02-20 06:18:15] 
Epoch 79 Summary:
[2026-02-20 06:18:15]   Training Loss: 0.740309
[2026-02-20 06:18:15]   Learning Rate: 8.422736e-05
[2026-02-20 06:18:15]   Epoch Time: 294.43s
[2026-02-20 06:18:15]   Total Time: 6.68h
[2026-02-20 06:18:15] 
================================================================================
[2026-02-20 06:18:15] Epoch 80/300
[2026-02-20 06:18:15] ================================================================================
[2026-02-20 06:23:12] 
Epoch 80 Summary:
[2026-02-20 06:23:12]   Training Loss: 0.730103
[2026-02-20 06:23:12]   Learning Rate: 8.384380e-05
[2026-02-20 06:23:12]   Epoch Time: 297.20s
[2026-02-20 06:23:12]   Total Time: 6.76h
[2026-02-20 06:28:48] 
────────────────────────────────────────────────────────────────────────────────
[2026-02-20 06:28:48] Validation Results:
[2026-02-20 06:28:48]   ET (Enhancing Tumor): 0.8365
[2026-02-20 06:28:48]   TC (Tumor Core):      0.8260
[2026-02-20 06:28:48]   WT (Whole Tumor):     0.8813
[2026-02-20 06:28:48]   Average Dice:         0.8479
[2026-02-20 06:28:48]   Best remains: 0.8482
[2026-02-20 06:28:48] ────────────────────────────────────────────────────────────────────────────────
[2026-02-20 06:28:48] 
================================================================================
[2026-02-20 06:28:48] Epoch 81/300
[2026-02-20 06:28:48] ================================================================================
[2026-02-20 06:33:44] 
Epoch 81 Summary:
[2026-02-20 06:33:44]   Training Loss: 0.726558
[2026-02-20 06:33:44]   Learning Rate: 8.345653e-05
[2026-02-20 06:33:44]   Epoch Time: 295.27s
[2026-02-20 06:33:44]   Total Time: 6.94h
[2026-02-20 06:33:44] 
================================================================================
[2026-02-20 06:33:44] Epoch 82/300
[2026-02-20 06:33:44] ================================================================================
[2026-02-20 06:38:37] 
Epoch 82 Summary:
[2026-02-20 06:38:37]   Training Loss: 0.720411
[2026-02-20 06:38:37]   Learning Rate: 8.306559e-05
[2026-02-20 06:38:37]   Epoch Time: 293.64s
[2026-02-20 06:38:37]   Total Time: 7.02h
[2026-02-20 06:38:37] 
================================================================================
[2026-02-20 06:38:37] Epoch 83/300
[2026-02-20 06:38:37] ================================================================================
[2026-02-20 06:43:32] 
Epoch 83 Summary:
[2026-02-20 06:43:32]   Training Loss: 0.717651
[2026-02-20 06:43:32]   Learning Rate: 8.267103e-05
[2026-02-20 06:43:32]   Epoch Time: 294.37s
[2026-02-20 06:43:32]   Total Time: 7.10h
[2026-02-20 06:43:32] 
================================================================================
[2026-02-20 06:43:32] Epoch 84/300
[2026-02-20 06:43:32] ================================================================================
[2026-02-20 06:48:26] 
Epoch 84 Summary:
[2026-02-20 06:48:26]   Training Loss: 0.740089
[2026-02-20 06:48:26]   Learning Rate: 8.227288e-05
[2026-02-20 06:48:26]   Epoch Time: 294.71s
[2026-02-20 06:48:26]   Total Time: 7.18h
[2026-02-20 06:48:26] 
================================================================================
[2026-02-20 06:48:26] Epoch 85/300
[2026-02-20 06:48:26] ================================================================================
[2026-02-20 06:53:21] 
Epoch 85 Summary:
[2026-02-20 06:53:21]   Training Loss: 0.722105
[2026-02-20 06:53:21]   Learning Rate: 8.187120e-05
[2026-02-20 06:53:21]   Epoch Time: 294.51s
[2026-02-20 06:53:21]   Total Time: 7.27h
[2026-02-20 06:53:21] 
================================================================================
[2026-02-20 06:53:21] Epoch 86/300
[2026-02-20 06:53:21] ================================================================================
[2026-02-20 06:58:16] 
Epoch 86 Summary:
[2026-02-20 06:58:16]   Training Loss: 0.722790
[2026-02-20 06:58:16]   Learning Rate: 8.146602e-05
[2026-02-20 06:58:16]   Epoch Time: 295.30s
[2026-02-20 06:58:16]   Total Time: 7.35h
[2026-02-20 06:58:16] 
================================================================================
[2026-02-20 06:58:16] Epoch 87/300
[2026-02-20 06:58:16] ================================================================================
[2026-02-20 07:03:13] 
Epoch 87 Summary:
[2026-02-20 07:03:13]   Training Loss: 0.719358
[2026-02-20 07:03:13]   Learning Rate: 8.105739e-05
[2026-02-20 07:03:13]   Epoch Time: 297.04s
[2026-02-20 07:03:13]   Total Time: 7.43h
[2026-02-20 07:03:13] 
================================================================================
[2026-02-20 07:03:13] Epoch 88/300
[2026-02-20 07:03:13] ================================================================================
[2026-02-20 07:08:23] 
Epoch 88 Summary:
[2026-02-20 07:08:23]   Training Loss: 0.735876
[2026-02-20 07:08:23]   Learning Rate: 8.064535e-05
[2026-02-20 07:08:23]   Epoch Time: 309.98s
[2026-02-20 07:08:23]   Total Time: 7.52h
[2026-02-20 07:08:23] 
================================================================================
[2026-02-20 07:08:23] Epoch 89/300
[2026-02-20 07:08:23] ================================================================================
[2026-02-20 07:13:40] 
Epoch 89 Summary:
[2026-02-20 07:13:40]   Training Loss: 0.734903
[2026-02-20 07:13:40]   Learning Rate: 8.022996e-05
[2026-02-20 07:13:40]   Epoch Time: 316.69s
[2026-02-20 07:13:40]   Total Time: 7.60h
[2026-02-20 07:13:40] 
================================================================================
[2026-02-20 07:13:40] Epoch 90/300
[2026-02-20 07:13:40] ================================================================================
[2026-02-20 07:19:00] 
Epoch 90 Summary:
[2026-02-20 07:19:00]   Training Loss: 0.738926
[2026-02-20 07:19:00]   Learning Rate: 7.981124e-05
[2026-02-20 07:19:00]   Epoch Time: 319.59s
[2026-02-20 07:19:00]   Total Time: 7.69h
[2026-02-20 07:19:00] 
================================================================================
[2026-02-20 07:19:00] Epoch 91/300
[2026-02-20 07:19:00] ================================================================================
[2026-02-20 07:24:19] 
Epoch 91 Summary:
[2026-02-20 07:24:19]   Training Loss: 0.747238
[2026-02-20 07:24:19]   Learning Rate: 7.938926e-05
[2026-02-20 07:24:19]   Epoch Time: 319.53s
[2026-02-20 07:24:19]   Total Time: 7.78h
[2026-02-20 07:24:19] 
================================================================================
[2026-02-20 07:24:19] Epoch 92/300
[2026-02-20 07:24:19] ================================================================================
[2026-02-20 07:29:38] 
Epoch 92 Summary:
[2026-02-20 07:29:38]   Training Loss: 0.738110
[2026-02-20 07:29:38]   Learning Rate: 7.896406e-05
[2026-02-20 07:29:38]   Epoch Time: 319.43s
[2026-02-20 07:29:38]   Total Time: 7.87h
[2026-02-20 07:29:38] 
================================================================================
[2026-02-20 07:29:38] Epoch 93/300
[2026-02-20 07:29:38] ================================================================================
[2026-02-20 07:34:59] 
Epoch 93 Summary:
[2026-02-20 07:34:59]   Training Loss: 0.717402
[2026-02-20 07:34:59]   Learning Rate: 7.853568e-05
[2026-02-20 07:34:59]   Epoch Time: 320.75s
[2026-02-20 07:34:59]   Total Time: 7.96h
[2026-02-20 07:34:59] 
================================================================================
[2026-02-20 07:34:59] Epoch 94/300
[2026-02-20 07:34:59] ================================================================================
[2026-02-20 07:40:20] 
Epoch 94 Summary:
[2026-02-20 07:40:20]   Training Loss: 0.738780
[2026-02-20 07:40:20]   Learning Rate: 7.810417e-05
[2026-02-20 07:40:20]   Epoch Time: 320.51s
[2026-02-20 07:40:20]   Total Time: 8.05h
[2026-02-20 07:40:20] 
================================================================================
[2026-02-20 07:40:20] Epoch 95/300
[2026-02-20 07:40:20] ================================================================================
[2026-02-20 07:45:42] 
Epoch 95 Summary:
[2026-02-20 07:45:42]   Training Loss: 0.721379
[2026-02-20 07:45:42]   Learning Rate: 7.766958e-05
[2026-02-20 07:45:42]   Epoch Time: 321.94s
[2026-02-20 07:45:42]   Total Time: 8.14h
[2026-02-20 07:45:42] 
================================================================================
[2026-02-20 07:45:42] Epoch 96/300
[2026-02-20 07:45:42] ================================================================================
[2026-02-20 07:51:02] 
Epoch 96 Summary:
[2026-02-20 07:51:02]   Training Loss: 0.720951
[2026-02-20 07:51:02]   Learning Rate: 7.723195e-05
[2026-02-20 07:51:02]   Epoch Time: 320.47s
[2026-02-20 07:51:02]   Total Time: 8.23h
[2026-02-20 07:51:02] 
================================================================================
[2026-02-20 07:51:02] Epoch 97/300
[2026-02-20 07:51:02] ================================================================================
[2026-02-20 07:56:21] 
Epoch 97 Summary:
[2026-02-20 07:56:21]   Training Loss: 0.745885
[2026-02-20 07:56:21]   Learning Rate: 7.679134e-05
[2026-02-20 07:56:21]   Epoch Time: 318.56s
[2026-02-20 07:56:21]   Total Time: 8.32h
[2026-02-20 07:56:21] 
================================================================================
[2026-02-20 07:56:21] Epoch 98/300
[2026-02-20 07:56:21] ================================================================================
[2026-02-20 08:01:39] 
Epoch 98 Summary:
[2026-02-20 08:01:39]   Training Loss: 0.726584
[2026-02-20 08:01:39]   Learning Rate: 7.634779e-05
[2026-02-20 08:01:39]   Epoch Time: 318.00s
[2026-02-20 08:01:39]   Total Time: 8.40h
[2026-02-20 08:01:39] 
================================================================================
[2026-02-20 08:01:39] Epoch 99/300
[2026-02-20 08:01:39] ================================================================================
[2026-02-20 08:06:58] 
Epoch 99 Summary:
[2026-02-20 08:06:58]   Training Loss: 0.737323
[2026-02-20 08:06:58]   Learning Rate: 7.590135e-05
[2026-02-20 08:06:58]   Epoch Time: 319.74s
[2026-02-20 08:06:58]   Total Time: 8.49h
[2026-02-20 08:06:58] 
================================================================================
[2026-02-20 08:06:58] Epoch 100/300
[2026-02-20 08:06:58] ================================================================================
[2026-02-20 08:12:16] 
Epoch 100 Summary:
[2026-02-20 08:12:16]   Training Loss: 0.711111
[2026-02-20 08:12:16]   Learning Rate: 7.545207e-05
[2026-02-20 08:12:16]   Epoch Time: 317.93s
[2026-02-20 08:12:16]   Total Time: 8.58h
[2026-02-20 08:17:49] 
────────────────────────────────────────────────────────────────────────────────
[2026-02-20 08:17:49] Validation Results:
[2026-02-20 08:17:49]   ET (Enhancing Tumor): 0.8489
[2026-02-20 08:17:49]   TC (Tumor Core):      0.8454
[2026-02-20 08:17:49]   WT (Whole Tumor):     0.8888
[2026-02-20 08:17:49]   Average Dice:         0.8610
[2026-02-20 08:17:49]   ✓ New best model! (↑ 0.0128)
[2026-02-20 08:17:49] ────────────────────────────────────────────────────────────────────────────────
[2026-02-20 08:17:49]   ✓ Saved best checkpoint (Epoch 100)
[2026-02-20 08:17:49]   ✓ Saved epoch_100 checkpoint (Epoch 100)
[2026-02-20 08:17:49] 
================================================================================
[2026-02-20 08:17:49] Epoch 101/300
[2026-02-20 08:17:49] ================================================================================
[2026-02-20 08:23:13] 
Epoch 101 Summary:
[2026-02-20 08:23:13]   Training Loss: 0.727262
[2026-02-20 08:23:13]   Learning Rate: 7.500000e-05
[2026-02-20 08:23:13]   Epoch Time: 323.96s
[2026-02-20 08:23:13]   Total Time: 8.76h
[2026-02-20 08:23:13] 
================================================================================
[2026-02-20 08:23:13] Epoch 102/300
[2026-02-20 08:23:13] ================================================================================
[2026-02-20 08:28:36] 
Epoch 102 Summary:
[2026-02-20 08:28:36]   Training Loss: 0.734072
[2026-02-20 08:28:36]   Learning Rate: 7.454519e-05
[2026-02-20 08:28:36]   Epoch Time: 322.93s
[2026-02-20 08:28:36]   Total Time: 8.85h
[2026-02-20 08:28:36] 
================================================================================
[2026-02-20 08:28:36] Epoch 103/300
[2026-02-20 08:28:36] ================================================================================
[2026-02-20 08:33:58] 
Epoch 103 Summary:
[2026-02-20 08:33:58]   Training Loss: 0.721353
[2026-02-20 08:33:58]   Learning Rate: 7.408768e-05
[2026-02-20 08:33:58]   Epoch Time: 322.06s
[2026-02-20 08:33:58]   Total Time: 8.94h
[2026-02-20 08:33:58] 
================================================================================
[2026-02-20 08:33:58] Epoch 104/300
[2026-02-20 08:33:58] ================================================================================
[2026-02-20 08:39:22] 
Epoch 104 Summary:
[2026-02-20 08:39:22]   Training Loss: 0.743745
[2026-02-20 08:39:22]   Learning Rate: 7.362754e-05
[2026-02-20 08:39:22]   Epoch Time: 323.64s
[2026-02-20 08:39:22]   Total Time: 9.03h
[2026-02-20 08:39:22] 
================================================================================
[2026-02-20 08:39:22] Epoch 105/300
[2026-02-20 08:39:22] ================================================================================
[2026-02-20 08:44:45] 
Epoch 105 Summary:
[2026-02-20 08:44:45]   Training Loss: 0.739838
[2026-02-20 08:44:45]   Learning Rate: 7.316480e-05
[2026-02-20 08:44:45]   Epoch Time: 323.01s
[2026-02-20 08:44:45]   Total Time: 9.12h
[2026-02-20 08:44:45] 
================================================================================
[2026-02-20 08:44:45] Epoch 106/300
[2026-02-20 08:44:45] ================================================================================
[2026-02-20 08:50:06] 
Epoch 106 Summary:
[2026-02-20 08:50:06]   Training Loss: 0.723356
[2026-02-20 08:50:06]   Learning Rate: 7.269952e-05
[2026-02-20 08:50:06]   Epoch Time: 321.26s
[2026-02-20 08:50:06]   Total Time: 9.21h
[2026-02-20 08:50:06] 
================================================================================
[2026-02-20 08:50:06] Epoch 107/300
[2026-02-20 08:50:06] ================================================================================
[2026-02-20 08:55:27] 
Epoch 107 Summary:
[2026-02-20 08:55:27]   Training Loss: 0.731920
[2026-02-20 08:55:27]   Learning Rate: 7.223176e-05
[2026-02-20 08:55:27]   Epoch Time: 321.23s
[2026-02-20 08:55:27]   Total Time: 9.30h
[2026-02-20 08:55:27] 
================================================================================
[2026-02-20 08:55:27] Epoch 108/300
[2026-02-20 08:55:27] ================================================================================
[2026-02-20 09:00:47] 
Epoch 108 Summary:
[2026-02-20 09:00:47]   Training Loss: 0.712509
[2026-02-20 09:00:47]   Learning Rate: 7.176155e-05
[2026-02-20 09:00:47]   Epoch Time: 319.07s
[2026-02-20 09:00:47]   Total Time: 9.39h
[2026-02-20 09:00:47] 
================================================================================
[2026-02-20 09:00:47] Epoch 109/300
[2026-02-20 09:00:47] ================================================================================
[2026-02-20 09:06:09] 
Epoch 109 Summary:
[2026-02-20 09:06:09]   Training Loss: 0.717620
[2026-02-20 09:06:09]   Learning Rate: 7.128896e-05
[2026-02-20 09:06:09]   Epoch Time: 322.49s
[2026-02-20 09:06:09]   Total Time: 9.48h
[2026-02-20 09:06:09] 
================================================================================
[2026-02-20 09:06:09] Epoch 110/300
[2026-02-20 09:06:09] ================================================================================
[2026-02-20 09:11:30] 
Epoch 110 Summary:
[2026-02-20 09:11:30]   Training Loss: 0.735165
[2026-02-20 09:11:30]   Learning Rate: 7.081404e-05
[2026-02-20 09:11:30]   Epoch Time: 321.46s
[2026-02-20 09:11:30]   Total Time: 9.57h
[2026-02-20 09:11:30] 
================================================================================
[2026-02-20 09:11:30] Epoch 111/300
[2026-02-20 09:11:30] ================================================================================
[2026-02-20 09:16:53] 
Epoch 111 Summary:
[2026-02-20 09:16:53]   Training Loss: 0.726284
[2026-02-20 09:16:53]   Learning Rate: 7.033683e-05
[2026-02-20 09:16:53]   Epoch Time: 322.21s
[2026-02-20 09:16:53]   Total Time: 9.66h
[2026-02-20 09:16:53] 
================================================================================
[2026-02-20 09:16:53] Epoch 112/300
[2026-02-20 09:16:53] ================================================================================
[2026-02-20 09:22:14] 
Epoch 112 Summary:
[2026-02-20 09:22:14]   Training Loss: 0.727491
[2026-02-20 09:22:14]   Learning Rate: 6.985739e-05
[2026-02-20 09:22:14]   Epoch Time: 321.38s
[2026-02-20 09:22:14]   Total Time: 9.75h
[2026-02-20 09:22:14] 
================================================================================
[2026-02-20 09:22:14] Epoch 113/300
[2026-02-20 09:22:14] ================================================================================
[2026-02-20 09:27:35] 
Epoch 113 Summary:
[2026-02-20 09:27:35]   Training Loss: 0.738965
[2026-02-20 09:27:35]   Learning Rate: 6.937578e-05
[2026-02-20 09:27:35]   Epoch Time: 320.95s
[2026-02-20 09:27:35]   Total Time: 9.84h
[2026-02-20 09:27:35] 
================================================================================
[2026-02-20 09:27:35] Epoch 114/300
[2026-02-20 09:27:35] ================================================================================
[2026-02-20 09:32:56] 
Epoch 114 Summary:
[2026-02-20 09:32:56]   Training Loss: 0.713726
[2026-02-20 09:32:56]   Learning Rate: 6.889204e-05
[2026-02-20 09:32:56]   Epoch Time: 321.23s
[2026-02-20 09:32:56]   Total Time: 9.93h
[2026-02-20 09:32:56] 
================================================================================
[2026-02-20 09:32:56] Epoch 115/300
[2026-02-20 09:32:56] ================================================================================
[2026-02-20 09:38:18] 
Epoch 115 Summary:
[2026-02-20 09:38:18]   Training Loss: 0.725265
[2026-02-20 09:38:18]   Learning Rate: 6.840623e-05
[2026-02-20 09:38:18]   Epoch Time: 321.88s
[2026-02-20 09:38:18]   Total Time: 10.01h
[2026-02-20 09:38:18] 
================================================================================
[2026-02-20 09:38:18] Epoch 116/300
[2026-02-20 09:38:18] ================================================================================
[2026-02-20 09:43:40] 
Epoch 116 Summary:
[2026-02-20 09:43:40]   Training Loss: 0.732185
[2026-02-20 09:43:40]   Learning Rate: 6.791840e-05
[2026-02-20 09:43:40]   Epoch Time: 322.04s
[2026-02-20 09:43:40]   Total Time: 10.10h
[2026-02-20 09:43:40] 
================================================================================
[2026-02-20 09:43:40] Epoch 117/300
[2026-02-20 09:43:40] ================================================================================
[2026-02-20 09:49:03] 
Epoch 117 Summary:
[2026-02-20 09:49:03]   Training Loss: 0.711798
[2026-02-20 09:49:03]   Learning Rate: 6.742860e-05
[2026-02-20 09:49:03]   Epoch Time: 322.47s
[2026-02-20 09:49:03]   Total Time: 10.19h
[2026-02-20 09:49:03] 
================================================================================
[2026-02-20 09:49:03] Epoch 118/300
[2026-02-20 09:49:03] ================================================================================
[2026-02-20 09:54:25] 
Epoch 118 Summary:
[2026-02-20 09:54:25]   Training Loss: 0.737000
[2026-02-20 09:54:25]   Learning Rate: 6.693690e-05
[2026-02-20 09:54:25]   Epoch Time: 322.03s
[2026-02-20 09:54:25]   Total Time: 10.28h
[2026-02-20 09:54:25] 
================================================================================
[2026-02-20 09:54:25] Epoch 119/300
[2026-02-20 09:54:25] ================================================================================
[2026-02-20 09:59:48] 
Epoch 119 Summary:
[2026-02-20 09:59:48]   Training Loss: 0.713157
[2026-02-20 09:59:48]   Learning Rate: 6.644333e-05
[2026-02-20 09:59:48]   Epoch Time: 323.64s
[2026-02-20 09:59:48]   Total Time: 10.37h
[2026-02-20 09:59:48] 
================================================================================
[2026-02-20 09:59:48] Epoch 120/300
[2026-02-20 09:59:48] ================================================================================
[2026-02-20 10:05:11] 
Epoch 120 Summary:
[2026-02-20 10:05:11]   Training Loss: 0.732439
[2026-02-20 10:05:11]   Learning Rate: 6.594797e-05
[2026-02-20 10:05:11]   Epoch Time: 322.46s
[2026-02-20 10:05:11]   Total Time: 10.46h
[2026-02-20 10:10:44] 
────────────────────────────────────────────────────────────────────────────────
[2026-02-20 10:10:44] Validation Results:
[2026-02-20 10:10:44]   ET (Enhancing Tumor): 0.8426
[2026-02-20 10:10:44]   TC (Tumor Core):      0.8408
[2026-02-20 10:10:44]   WT (Whole Tumor):     0.8762
[2026-02-20 10:10:44]   Average Dice:         0.8532
[2026-02-20 10:10:44]   Best remains: 0.8610
[2026-02-20 10:10:44] ────────────────────────────────────────────────────────────────────────────────
[2026-02-20 10:10:44] 
================================================================================
[2026-02-20 10:10:44] Epoch 121/300
[2026-02-20 10:10:44] ================================================================================
[2026-02-20 10:16:10] 
Epoch 121 Summary:
[2026-02-20 10:16:10]   Training Loss: 0.725650
[2026-02-20 10:16:10]   Learning Rate: 6.545085e-05
[2026-02-20 10:16:10]   Epoch Time: 326.36s
[2026-02-20 10:16:10]   Total Time: 10.65h
[2026-02-20 10:16:10] 
================================================================================
[2026-02-20 10:16:10] Epoch 122/300
[2026-02-20 10:16:10] ================================================================================
[2026-02-20 10:21:34] 
Epoch 122 Summary:
[2026-02-20 10:21:34]   Training Loss: 0.723613
[2026-02-20 10:21:34]   Learning Rate: 6.495204e-05
[2026-02-20 10:21:34]   Epoch Time: 323.94s
[2026-02-20 10:21:34]   Total Time: 10.74h
[2026-02-20 10:21:34] 
================================================================================
[2026-02-20 10:21:34] Epoch 123/300
[2026-02-20 10:21:34] ================================================================================
[2026-02-20 10:26:59] 
Epoch 123 Summary:
[2026-02-20 10:26:59]   Training Loss: 0.750590
[2026-02-20 10:26:59]   Learning Rate: 6.445159e-05
[2026-02-20 10:26:59]   Epoch Time: 324.35s
[2026-02-20 10:26:59]   Total Time: 10.83h
[2026-02-20 10:26:59] 
================================================================================
[2026-02-20 10:26:59] Epoch 124/300
[2026-02-20 10:26:59] ================================================================================
[2026-02-20 10:32:22] 
Epoch 124 Summary:
[2026-02-20 10:32:22]   Training Loss: 0.724820
[2026-02-20 10:32:22]   Learning Rate: 6.394956e-05
[2026-02-20 10:32:22]   Epoch Time: 323.65s
[2026-02-20 10:32:22]   Total Time: 10.92h
[2026-02-20 10:32:22] 
================================================================================
[2026-02-20 10:32:22] Epoch 125/300
[2026-02-20 10:32:22] ================================================================================
[2026-02-20 10:37:44] 
Epoch 125 Summary:
[2026-02-20 10:37:44]   Training Loss: 0.735796
[2026-02-20 10:37:44]   Learning Rate: 6.344599e-05
[2026-02-20 10:37:44]   Epoch Time: 321.64s
[2026-02-20 10:37:44]   Total Time: 11.00h
[2026-02-20 10:37:44] 
================================================================================
[2026-02-20 10:37:44] Epoch 126/300
[2026-02-20 10:37:44] ================================================================================
[2026-02-20 10:43:05] 
Epoch 126 Summary:
[2026-02-20 10:43:05]   Training Loss: 0.715294
[2026-02-20 10:43:05]   Learning Rate: 6.294095e-05
[2026-02-20 10:43:05]   Epoch Time: 321.21s
[2026-02-20 10:43:05]   Total Time: 11.09h
[2026-02-20 10:43:05] 
================================================================================
[2026-02-20 10:43:05] Epoch 127/300
[2026-02-20 10:43:05] ================================================================================
[2026-02-20 10:48:27] 
Epoch 127 Summary:
[2026-02-20 10:48:27]   Training Loss: 0.733198
[2026-02-20 10:48:27]   Learning Rate: 6.243449e-05
[2026-02-20 10:48:27]   Epoch Time: 322.17s
[2026-02-20 10:48:27]   Total Time: 11.18h
[2026-02-20 10:48:27] 
================================================================================
[2026-02-20 10:48:27] Epoch 128/300
[2026-02-20 10:48:27] ================================================================================
[2026-02-20 10:53:49] 
Epoch 128 Summary:
[2026-02-20 10:53:49]   Training Loss: 0.715115
[2026-02-20 10:53:49]   Learning Rate: 6.192667e-05
[2026-02-20 10:53:49]   Epoch Time: 321.59s
[2026-02-20 10:53:49]   Total Time: 11.27h
[2026-02-20 10:53:49] 
================================================================================
[2026-02-20 10:53:49] Epoch 129/300
[2026-02-20 10:53:49] ================================================================================
[2026-02-20 10:59:12] 
Epoch 129 Summary:
[2026-02-20 10:59:12]   Training Loss: 0.716922
[2026-02-20 10:59:12]   Learning Rate: 6.141754e-05
[2026-02-20 10:59:12]   Epoch Time: 322.58s
[2026-02-20 10:59:12]   Total Time: 11.36h
[2026-02-20 10:59:12] 
================================================================================
[2026-02-20 10:59:12] Epoch 130/300
[2026-02-20 10:59:12] ================================================================================
[2026-02-20 11:04:34] 
Epoch 130 Summary:
[2026-02-20 11:04:34]   Training Loss: 0.719077
[2026-02-20 11:04:34]   Learning Rate: 6.090716e-05
[2026-02-20 11:04:34]   Epoch Time: 322.20s
[2026-02-20 11:04:34]   Total Time: 11.45h
[2026-02-20 11:04:34] 
================================================================================
[2026-02-20 11:04:34] Epoch 131/300
[2026-02-20 11:04:34] ================================================================================
[2026-02-20 11:09:57] 
Epoch 131 Summary:
[2026-02-20 11:09:57]   Training Loss: 0.714840
[2026-02-20 11:09:57]   Learning Rate: 6.039558e-05
[2026-02-20 11:09:57]   Epoch Time: 323.30s
[2026-02-20 11:09:57]   Total Time: 11.54h
[2026-02-20 11:09:57] 
================================================================================
[2026-02-20 11:09:57] Epoch 132/300
[2026-02-20 11:09:57] ================================================================================
[2026-02-20 11:15:20] 
Epoch 132 Summary:
[2026-02-20 11:15:20]   Training Loss: 0.749301
[2026-02-20 11:15:20]   Learning Rate: 5.988287e-05
[2026-02-20 11:15:20]   Epoch Time: 322.92s
[2026-02-20 11:15:20]   Total Time: 11.63h
[2026-02-20 11:15:20] 
================================================================================
[2026-02-20 11:15:20] Epoch 133/300
[2026-02-20 11:15:20] ================================================================================
[2026-02-20 11:20:42] 
Epoch 133 Summary:
[2026-02-20 11:20:42]   Training Loss: 0.696420
[2026-02-20 11:20:42]   Learning Rate: 5.936907e-05
[2026-02-20 11:20:42]   Epoch Time: 322.01s
[2026-02-20 11:20:42]   Total Time: 11.72h
[2026-02-20 11:20:42] 
================================================================================
[2026-02-20 11:20:42] Epoch 134/300
[2026-02-20 11:20:42] ================================================================================
[2026-02-20 11:26:03] 
Epoch 134 Summary:
[2026-02-20 11:26:03]   Training Loss: 0.747570
[2026-02-20 11:26:03]   Learning Rate: 5.885424e-05
[2026-02-20 11:26:03]   Epoch Time: 321.53s
[2026-02-20 11:26:03]   Total Time: 11.81h
[2026-02-20 11:26:03] 
================================================================================
[2026-02-20 11:26:03] Epoch 135/300
[2026-02-20 11:26:03] ================================================================================
[2026-02-20 11:31:26] 
Epoch 135 Summary:
[2026-02-20 11:31:26]   Training Loss: 0.718869
[2026-02-20 11:31:26]   Learning Rate: 5.833844e-05
[2026-02-20 11:31:26]   Epoch Time: 322.38s
[2026-02-20 11:31:26]   Total Time: 11.90h
[2026-02-20 11:31:26] 
================================================================================
[2026-02-20 11:31:26] Epoch 136/300
[2026-02-20 11:31:26] ================================================================================
[2026-02-20 11:36:49] 
Epoch 136 Summary:
[2026-02-20 11:36:49]   Training Loss: 0.719224
[2026-02-20 11:36:49]   Learning Rate: 5.782172e-05
[2026-02-20 11:36:49]   Epoch Time: 323.21s
[2026-02-20 11:36:49]   Total Time: 11.99h
[2026-02-20 11:36:49] 
================================================================================
[2026-02-20 11:36:49] Epoch 137/300
[2026-02-20 11:36:49] ================================================================================
[2026-02-20 11:42:12] 
Epoch 137 Summary:
[2026-02-20 11:42:12]   Training Loss: 0.698309
[2026-02-20 11:42:12]   Learning Rate: 5.730415e-05
[2026-02-20 11:42:12]   Epoch Time: 322.48s
[2026-02-20 11:42:12]   Total Time: 12.08h
[2026-02-20 11:42:12] 
================================================================================
[2026-02-20 11:42:12] Epoch 138/300
[2026-02-20 11:42:12] ================================================================================
[2026-02-20 11:47:26] 
Epoch 138 Summary:
[2026-02-20 11:47:26]   Training Loss: 0.708583
[2026-02-20 11:47:26]   Learning Rate: 5.678578e-05
[2026-02-20 11:47:26]   Epoch Time: 314.04s
[2026-02-20 11:47:26]   Total Time: 12.17h
[2026-02-20 11:47:26] 
================================================================================
[2026-02-20 11:47:26] Epoch 139/300
[2026-02-20 11:47:26] ================================================================================
[2026-02-20 11:52:40] 
Epoch 139 Summary:
[2026-02-20 11:52:40]   Training Loss: 0.729149
[2026-02-20 11:52:40]   Learning Rate: 5.626666e-05
[2026-02-20 11:52:40]   Epoch Time: 313.94s
[2026-02-20 11:52:40]   Total Time: 12.25h
[2026-02-20 11:52:40] 
================================================================================
[2026-02-20 11:52:40] Epoch 140/300
[2026-02-20 11:52:40] ================================================================================
[2026-02-20 11:57:55] 
Epoch 140 Summary:
[2026-02-20 11:57:55]   Training Loss: 0.747347
[2026-02-20 11:57:55]   Learning Rate: 5.574686e-05
[2026-02-20 11:57:55]   Epoch Time: 315.29s
[2026-02-20 11:57:55]   Total Time: 12.34h
[2026-02-20 12:03:28] 
────────────────────────────────────────────────────────────────────────────────
[2026-02-20 12:03:28] Validation Results:
[2026-02-20 12:03:28]   ET (Enhancing Tumor): 0.8511
[2026-02-20 12:03:28]   TC (Tumor Core):      0.8642
[2026-02-20 12:03:28]   WT (Whole Tumor):     0.8920
[2026-02-20 12:03:28]   Average Dice:         0.8691
[2026-02-20 12:03:28]   ✓ New best model! (↑ 0.0081)
[2026-02-20 12:03:28] ────────────────────────────────────────────────────────────────────────────────
[2026-02-20 12:03:28]   ✓ Saved best checkpoint (Epoch 140)
[2026-02-20 12:03:28] 
================================================================================
[2026-02-20 12:03:28] Epoch 141/300
[2026-02-20 12:03:28] ================================================================================
