[2026-02-22 19:43:19] ================================================================================
[2026-02-22 19:43:19] Training Session Started
[2026-02-22 19:43:19] Timestamp: 20260222_194319
[2026-02-22 19:43:19] ================================================================================
[2026-02-22 19:43:19] ================================================================================
[2026-02-22 19:43:19] Swin UNETR Training — BraTS 2023 (Paper Replication)
[2026-02-22 19:43:19] ================================================================================
[2026-02-22 19:43:19] Device: cuda
[2026-02-22 19:43:19] GPU: NVIDIA GeForce RTX 4070 Ti SUPER
[2026-02-22 19:43:19] GPU Memory: 16.71 GB
[2026-02-22 19:43:19] 
Configuration:
[2026-02-22 19:43:19] --------------------------------------------------------------------------------
[2026-02-22 19:43:19] --------------------------------------------------------------------------------
[2026-02-22 19:43:19] 
Loading data lists...
[2026-02-22 19:43:19]   Training samples:   1000
[2026-02-22 19:43:19]   Validation samples: 251
[2026-02-22 19:43:19] 
Creating datasets...
[2026-02-22 19:43:19]   ✓ Datasets created
[2026-02-22 19:43:19] 
Creating model...
