[2026-02-22 19:54:47] ================================================================================
[2026-02-22 19:54:47] Training Session Started
[2026-02-22 19:54:47] Timestamp: 20260222_195447
[2026-02-22 19:54:47] ================================================================================
[2026-02-22 19:54:47] ================================================================================
[2026-02-22 19:54:47] Swin UNETR Training — BraTS 2023 (Paper Replication)
[2026-02-22 19:54:47] ================================================================================
[2026-02-22 19:54:47] Device: cuda
[2026-02-22 19:54:47] GPU: NVIDIA GeForce RTX 4070 Ti SUPER
[2026-02-22 19:54:47] GPU Memory: 16.71 GB
[2026-02-22 19:54:47] 
Configuration:
[2026-02-22 19:54:47] --------------------------------------------------------------------------------
[2026-02-22 19:54:47] --------------------------------------------------------------------------------
[2026-02-22 19:54:47] 
Loading data lists...
[2026-02-22 19:54:47]   Training samples:   1000
[2026-02-22 19:54:47]   Validation samples: 251
[2026-02-22 19:54:47] 
Creating datasets...
[2026-02-22 19:54:47]   ✓ Datasets created
[2026-02-22 19:54:47] 
Creating model...
[2026-02-22 19:54:48] 
Model Information:
[2026-02-22 19:54:48] --------------------------------------------------------------------------------
[2026-02-22 19:54:48]   Architecture: Swin UNETR (paper replication)
[2026-02-22 19:54:48]   Total Parameters: 62,191,941
[2026-02-22 19:54:48]   Trainable Parameters: 62,191,941
[2026-02-22 19:54:48]   Model Size: 237.24 MB (float32)
[2026-02-22 19:54:48] --------------------------------------------------------------------------------
[2026-02-22 19:54:48] 
✓ Training setup complete
[2026-02-22 19:54:48] 
Starting training...
[2026-02-22 19:54:48] 
================================================================================
[2026-02-22 19:54:48] Epoch 1/100
[2026-02-22 19:54:48] ================================================================================
[2026-02-22 20:02:30] 
Epoch 1 Summary:
[2026-02-22 20:02:30]   Training Loss: 0.594384
[2026-02-22 20:02:30]   Learning Rate: 1.000000e-04
[2026-02-22 20:02:30]   Epoch Time: 462.49s
[2026-02-22 20:02:30]   Total Time: 0.13h
[2026-02-22 20:02:30] 
================================================================================
[2026-02-22 20:02:30] Epoch 2/100
[2026-02-22 20:02:30] ================================================================================
[2026-02-22 20:10:13] 
Epoch 2 Summary:
[2026-02-22 20:10:13]   Training Loss: 0.291691
[2026-02-22 20:10:13]   Learning Rate: 9.997533e-05
[2026-02-22 20:10:13]   Epoch Time: 462.55s
[2026-02-22 20:10:13]   Total Time: 0.26h
[2026-02-22 20:10:13] 
================================================================================
[2026-02-22 20:10:13] Epoch 3/100
[2026-02-22 20:10:13] ================================================================================
[2026-02-22 20:17:56] 
Epoch 3 Summary:
[2026-02-22 20:17:56]   Training Loss: 0.260923
[2026-02-22 20:17:56]   Learning Rate: 9.990134e-05
[2026-02-22 20:17:56]   Epoch Time: 462.71s
[2026-02-22 20:17:56]   Total Time: 0.39h
[2026-02-22 20:17:56] 
================================================================================
[2026-02-22 20:17:56] Epoch 4/100
[2026-02-22 20:17:56] ================================================================================
[2026-02-22 20:25:38] 
Epoch 4 Summary:
[2026-02-22 20:25:38]   Training Loss: 0.235641
[2026-02-22 20:25:38]   Learning Rate: 9.977810e-05
[2026-02-22 20:25:38]   Epoch Time: 462.44s
[2026-02-22 20:25:38]   Total Time: 0.51h
[2026-02-22 20:25:39] 
================================================================================
[2026-02-22 20:25:39] Epoch 5/100
[2026-02-22 20:25:39] ================================================================================
[2026-02-22 20:33:21] 
Epoch 5 Summary:
[2026-02-22 20:33:21]   Training Loss: 0.224329
[2026-02-22 20:33:21]   Learning Rate: 9.960574e-05
[2026-02-22 20:33:21]   Epoch Time: 462.58s
[2026-02-22 20:33:21]   Total Time: 0.64h
[2026-02-22 20:33:21] 
================================================================================
[2026-02-22 20:33:21] Epoch 6/100
[2026-02-22 20:33:21] ================================================================================
[2026-02-22 20:41:04] 
Epoch 6 Summary:
[2026-02-22 20:41:04]   Training Loss: 0.228527
[2026-02-22 20:41:04]   Learning Rate: 9.938442e-05
[2026-02-22 20:41:04]   Epoch Time: 462.75s
[2026-02-22 20:41:04]   Total Time: 0.77h
[2026-02-22 20:41:04] 
================================================================================
[2026-02-22 20:41:04] Epoch 7/100
[2026-02-22 20:41:04] ================================================================================
[2026-02-22 20:48:47] 
Epoch 7 Summary:
[2026-02-22 20:48:47]   Training Loss: 0.216426
[2026-02-22 20:48:47]   Learning Rate: 9.911436e-05
[2026-02-22 20:48:47]   Epoch Time: 462.70s
[2026-02-22 20:48:47]   Total Time: 0.90h
[2026-02-22 20:48:47] 
================================================================================
[2026-02-22 20:48:47] Epoch 8/100
[2026-02-22 20:48:47] ================================================================================
[2026-02-22 20:56:30] 
Epoch 8 Summary:
[2026-02-22 20:56:30]   Training Loss: 0.210092
[2026-02-22 20:56:30]   Learning Rate: 9.879584e-05
[2026-02-22 20:56:30]   Epoch Time: 462.42s
[2026-02-22 20:56:30]   Total Time: 1.03h
[2026-02-22 20:56:30] 
================================================================================
[2026-02-22 20:56:30] Epoch 9/100
[2026-02-22 20:56:30] ================================================================================
[2026-02-22 21:04:13] 
Epoch 9 Summary:
[2026-02-22 21:04:13]   Training Loss: 0.233139
[2026-02-22 21:04:13]   Learning Rate: 9.842916e-05
[2026-02-22 21:04:13]   Epoch Time: 462.85s
[2026-02-22 21:04:13]   Total Time: 1.16h
[2026-02-22 21:04:13] 
================================================================================
[2026-02-22 21:04:13] Epoch 10/100
[2026-02-22 21:04:13] ================================================================================
[2026-02-22 21:11:55] 
Epoch 10 Summary:
[2026-02-22 21:11:55]   Training Loss: 0.219609
[2026-02-22 21:11:55]   Learning Rate: 9.801468e-05
[2026-02-22 21:11:55]   Epoch Time: 462.56s
[2026-02-22 21:11:55]   Total Time: 1.29h
[2026-02-22 21:26:25] 
────────────────────────────────────────────────────────────────────────────────
[2026-02-22 21:26:25] Validation Results:
[2026-02-22 21:26:25]   ET (Enhancing Tumor): 0.8508
[2026-02-22 21:26:25]   TC (Tumor Core):      0.8540
[2026-02-22 21:26:25]   WT (Whole Tumor):     0.8863
[2026-02-22 21:26:25]   Average Dice:         0.8637
[2026-02-22 21:26:25]   ✓ New best model! (↑ 0.8637)
[2026-02-22 21:26:25] ────────────────────────────────────────────────────────────────────────────────
[2026-02-22 21:26:25]   ✓ Saved best checkpoint (Epoch 10)
[2026-02-22 21:26:25] 
================================================================================
[2026-02-22 21:26:25] Epoch 11/100
[2026-02-22 21:26:25] ================================================================================
[2026-02-22 21:34:08] 
Epoch 11 Summary:
[2026-02-22 21:34:08]   Training Loss: 0.201349
[2026-02-22 21:34:08]   Learning Rate: 9.755283e-05
[2026-02-22 21:34:08]   Epoch Time: 462.38s
[2026-02-22 21:34:08]   Total Time: 1.66h
[2026-02-22 21:34:08] 
================================================================================
[2026-02-22 21:34:08] Epoch 12/100
[2026-02-22 21:34:08] ================================================================================
[2026-02-22 21:41:50] 
Epoch 12 Summary:
[2026-02-22 21:41:50]   Training Loss: 0.200995
[2026-02-22 21:41:50]   Learning Rate: 9.704404e-05
[2026-02-22 21:41:50]   Epoch Time: 462.58s
[2026-02-22 21:41:50]   Total Time: 1.78h
[2026-02-22 21:41:50] 
================================================================================
[2026-02-22 21:41:50] Epoch 13/100
[2026-02-22 21:41:50] ================================================================================
[2026-02-22 21:49:33] 
Epoch 13 Summary:
[2026-02-22 21:49:33]   Training Loss: 0.207001
[2026-02-22 21:49:33]   Learning Rate: 9.648882e-05
[2026-02-22 21:49:33]   Epoch Time: 462.50s
[2026-02-22 21:49:33]   Total Time: 1.91h
[2026-02-22 21:49:33] 
================================================================================
[2026-02-22 21:49:33] Epoch 14/100
[2026-02-22 21:49:33] ================================================================================
[2026-02-22 21:57:16] 
Epoch 14 Summary:
[2026-02-22 21:57:16]   Training Loss: 0.197402
[2026-02-22 21:57:16]   Learning Rate: 9.588773e-05
[2026-02-22 21:57:16]   Epoch Time: 462.76s
[2026-02-22 21:57:16]   Total Time: 2.04h
[2026-02-22 21:57:16] 
================================================================================
[2026-02-22 21:57:16] Epoch 15/100
[2026-02-22 21:57:16] ================================================================================
[2026-02-22 22:04:59] 
Epoch 15 Summary:
[2026-02-22 22:04:59]   Training Loss: 0.193520
[2026-02-22 22:04:59]   Learning Rate: 9.524135e-05
[2026-02-22 22:04:59]   Epoch Time: 462.70s
[2026-02-22 22:04:59]   Total Time: 2.17h
[2026-02-22 22:04:59] 
================================================================================
[2026-02-22 22:04:59] Epoch 16/100
[2026-02-22 22:04:59] ================================================================================
[2026-02-22 22:12:41] 
Epoch 16 Summary:
[2026-02-22 22:12:41]   Training Loss: 0.206182
[2026-02-22 22:12:41]   Learning Rate: 9.455033e-05
[2026-02-22 22:12:41]   Epoch Time: 462.54s
[2026-02-22 22:12:41]   Total Time: 2.30h
[2026-02-22 22:12:42] 
================================================================================
[2026-02-22 22:12:42] Epoch 17/100
[2026-02-22 22:12:42] ================================================================================
[2026-02-22 22:20:24] 
Epoch 17 Summary:
[2026-02-22 22:20:24]   Training Loss: 0.191086
[2026-02-22 22:20:24]   Learning Rate: 9.381533e-05
[2026-02-22 22:20:24]   Epoch Time: 462.76s
[2026-02-22 22:20:24]   Total Time: 2.43h
[2026-02-22 22:20:25] 
================================================================================
[2026-02-22 22:20:25] Epoch 18/100
[2026-02-22 22:20:25] ================================================================================
[2026-02-22 22:28:07] 
Epoch 18 Summary:
[2026-02-22 22:28:07]   Training Loss: 0.192593
[2026-02-22 22:28:07]   Learning Rate: 9.303710e-05
[2026-02-22 22:28:07]   Epoch Time: 462.65s
[2026-02-22 22:28:07]   Total Time: 2.56h
[2026-02-22 22:28:07] 
================================================================================
[2026-02-22 22:28:07] Epoch 19/100
[2026-02-22 22:28:07] ================================================================================
[2026-02-22 22:35:50] 
Epoch 19 Summary:
[2026-02-22 22:35:50]   Training Loss: 0.210736
[2026-02-22 22:35:50]   Learning Rate: 9.221640e-05
[2026-02-22 22:35:50]   Epoch Time: 462.75s
[2026-02-22 22:35:50]   Total Time: 2.68h
[2026-02-22 22:35:50] 
================================================================================
[2026-02-22 22:35:50] Epoch 20/100
[2026-02-22 22:35:50] ================================================================================
[2026-02-22 22:43:33] 
Epoch 20 Summary:
[2026-02-22 22:43:33]   Training Loss: 0.199500
[2026-02-22 22:43:33]   Learning Rate: 9.135403e-05
[2026-02-22 22:43:33]   Epoch Time: 462.62s
[2026-02-22 22:43:33]   Total Time: 2.81h
[2026-02-22 22:58:02] 
────────────────────────────────────────────────────────────────────────────────
[2026-02-22 22:58:02] Validation Results:
[2026-02-22 22:58:02]   ET (Enhancing Tumor): 0.8610
[2026-02-22 22:58:02]   TC (Tumor Core):      0.8714
[2026-02-22 22:58:02]   WT (Whole Tumor):     0.9075
[2026-02-22 22:58:02]   Average Dice:         0.8799
[2026-02-22 22:58:02]   ✓ New best model! (↑ 0.0162)
[2026-02-22 22:58:02] ────────────────────────────────────────────────────────────────────────────────
[2026-02-22 22:58:03]   ✓ Saved best checkpoint (Epoch 20)
[2026-02-22 22:58:03] 
================================================================================
[2026-02-22 22:58:03] Epoch 21/100
[2026-02-22 22:58:03] ================================================================================
[2026-02-22 23:05:45] 
Epoch 21 Summary:
[2026-02-22 23:05:45]   Training Loss: 0.214772
[2026-02-22 23:05:45]   Learning Rate: 9.045085e-05
[2026-02-22 23:05:45]   Epoch Time: 462.50s
[2026-02-22 23:05:45]   Total Time: 3.18h
[2026-02-22 23:05:46] 
================================================================================
[2026-02-22 23:05:46] Epoch 22/100
[2026-02-22 23:05:46] ================================================================================
[2026-02-22 23:13:28] 
Epoch 22 Summary:
[2026-02-22 23:13:28]   Training Loss: 0.202118
[2026-02-22 23:13:28]   Learning Rate: 8.950775e-05
[2026-02-22 23:13:28]   Epoch Time: 462.55s
[2026-02-22 23:13:28]   Total Time: 3.31h
[2026-02-22 23:13:28] 
================================================================================
[2026-02-22 23:13:28] Epoch 23/100
[2026-02-22 23:13:28] ================================================================================
[2026-02-22 23:21:11] 
Epoch 23 Summary:
[2026-02-22 23:21:11]   Training Loss: 0.199475
[2026-02-22 23:21:11]   Learning Rate: 8.852566e-05
[2026-02-22 23:21:11]   Epoch Time: 462.57s
[2026-02-22 23:21:11]   Total Time: 3.44h
[2026-02-22 23:21:11] 
================================================================================
[2026-02-22 23:21:11] Epoch 24/100
[2026-02-22 23:21:11] ================================================================================
[2026-02-22 23:28:53] 
Epoch 24 Summary:
[2026-02-22 23:28:53]   Training Loss: 0.195967
[2026-02-22 23:28:53]   Learning Rate: 8.750555e-05
[2026-02-22 23:28:53]   Epoch Time: 462.52s
[2026-02-22 23:28:53]   Total Time: 3.57h
[2026-02-22 23:28:54] 
================================================================================
[2026-02-22 23:28:54] Epoch 25/100
[2026-02-22 23:28:54] ================================================================================
[2026-02-22 23:36:36] 
Epoch 25 Summary:
[2026-02-22 23:36:36]   Training Loss: 0.206964
[2026-02-22 23:36:36]   Learning Rate: 8.644843e-05
[2026-02-22 23:36:36]   Epoch Time: 462.48s
[2026-02-22 23:36:36]   Total Time: 3.70h
[2026-02-22 23:36:36] 
================================================================================
[2026-02-22 23:36:36] Epoch 26/100
[2026-02-22 23:36:36] ================================================================================
[2026-02-22 23:44:19] 
Epoch 26 Summary:
[2026-02-22 23:44:19]   Training Loss: 0.215219
[2026-02-22 23:44:19]   Learning Rate: 8.535534e-05
[2026-02-22 23:44:19]   Epoch Time: 462.60s
[2026-02-22 23:44:19]   Total Time: 3.83h
[2026-02-22 23:44:19] 
================================================================================
[2026-02-22 23:44:19] Epoch 27/100
[2026-02-22 23:44:19] ================================================================================
[2026-02-22 23:52:02] 
Epoch 27 Summary:
[2026-02-22 23:52:02]   Training Loss: 0.192382
[2026-02-22 23:52:02]   Learning Rate: 8.422736e-05
[2026-02-22 23:52:02]   Epoch Time: 462.58s
[2026-02-22 23:52:02]   Total Time: 3.95h
[2026-02-22 23:52:02] 
================================================================================
[2026-02-22 23:52:02] Epoch 28/100
[2026-02-22 23:52:02] ================================================================================
[2026-02-22 23:59:44] 
Epoch 28 Summary:
[2026-02-22 23:59:44]   Training Loss: 0.188729
[2026-02-22 23:59:44]   Learning Rate: 8.306559e-05
[2026-02-22 23:59:44]   Epoch Time: 462.60s
[2026-02-22 23:59:44]   Total Time: 4.08h
[2026-02-22 23:59:45] 
================================================================================
[2026-02-22 23:59:45] Epoch 29/100
[2026-02-22 23:59:45] ================================================================================
[2026-02-23 00:07:27] 
Epoch 29 Summary:
[2026-02-23 00:07:27]   Training Loss: 0.199404
[2026-02-23 00:07:27]   Learning Rate: 8.187120e-05
[2026-02-23 00:07:27]   Epoch Time: 462.55s
[2026-02-23 00:07:27]   Total Time: 4.21h
[2026-02-23 00:07:27] 
================================================================================
[2026-02-23 00:07:27] Epoch 30/100
[2026-02-23 00:07:27] ================================================================================
[2026-02-23 00:15:10] 
Epoch 30 Summary:
[2026-02-23 00:15:10]   Training Loss: 0.186993
[2026-02-23 00:15:10]   Learning Rate: 8.064535e-05
[2026-02-23 00:15:10]   Epoch Time: 462.58s
[2026-02-23 00:15:10]   Total Time: 4.34h
[2026-02-23 00:29:39] 
────────────────────────────────────────────────────────────────────────────────
[2026-02-23 00:29:39] Validation Results:
[2026-02-23 00:29:39]   ET (Enhancing Tumor): 0.8566
[2026-02-23 00:29:39]   TC (Tumor Core):      0.8704
[2026-02-23 00:29:39]   WT (Whole Tumor):     0.9067
[2026-02-23 00:29:39]   Average Dice:         0.8779
[2026-02-23 00:29:39]   Best remains: 0.8799
[2026-02-23 00:29:39] ────────────────────────────────────────────────────────────────────────────────
[2026-02-23 00:29:39]   Early stopping counter: 1/10
[2026-02-23 00:29:39] 
================================================================================
[2026-02-23 00:29:39] Epoch 31/100
[2026-02-23 00:29:39] ================================================================================
[2026-02-23 00:37:21] 
Epoch 31 Summary:
[2026-02-23 00:37:21]   Training Loss: 0.191165
[2026-02-23 00:37:21]   Learning Rate: 7.938926e-05
[2026-02-23 00:37:21]   Epoch Time: 462.60s
[2026-02-23 00:37:21]   Total Time: 4.71h
[2026-02-23 00:37:22] 
================================================================================
[2026-02-23 00:37:22] Epoch 32/100
[2026-02-23 00:37:22] ================================================================================
[2026-02-23 00:45:04] 
Epoch 32 Summary:
[2026-02-23 00:45:04]   Training Loss: 0.204094
[2026-02-23 00:45:04]   Learning Rate: 7.810417e-05
[2026-02-23 00:45:04]   Epoch Time: 462.54s
[2026-02-23 00:45:04]   Total Time: 4.84h
[2026-02-23 00:45:04] 
================================================================================
[2026-02-23 00:45:04] Epoch 33/100
[2026-02-23 00:45:04] ================================================================================
[2026-02-23 00:52:47] 
Epoch 33 Summary:
[2026-02-23 00:52:47]   Training Loss: 0.206103
[2026-02-23 00:52:47]   Learning Rate: 7.679134e-05
[2026-02-23 00:52:47]   Epoch Time: 462.37s
[2026-02-23 00:52:47]   Total Time: 4.97h
[2026-02-23 00:52:47] 
================================================================================
[2026-02-23 00:52:47] Epoch 34/100
[2026-02-23 00:52:47] ================================================================================
[2026-02-23 01:00:30] 
Epoch 34 Summary:
[2026-02-23 01:00:30]   Training Loss: 0.186449
[2026-02-23 01:00:30]   Learning Rate: 7.545207e-05
[2026-02-23 01:00:30]   Epoch Time: 462.83s
[2026-02-23 01:00:30]   Total Time: 5.10h
[2026-02-23 01:00:30] 
================================================================================
[2026-02-23 01:00:30] Epoch 35/100
[2026-02-23 01:00:30] ================================================================================
[2026-02-23 01:08:12] 
Epoch 35 Summary:
[2026-02-23 01:08:12]   Training Loss: 0.189112
[2026-02-23 01:08:12]   Learning Rate: 7.408768e-05
[2026-02-23 01:08:12]   Epoch Time: 462.60s
[2026-02-23 01:08:12]   Total Time: 5.22h
[2026-02-23 01:08:13] 
================================================================================
[2026-02-23 01:08:13] Epoch 36/100
[2026-02-23 01:08:13] ================================================================================
[2026-02-23 01:15:55] 
Epoch 36 Summary:
[2026-02-23 01:15:55]   Training Loss: 0.191164
[2026-02-23 01:15:55]   Learning Rate: 7.269952e-05
[2026-02-23 01:15:55]   Epoch Time: 462.44s
[2026-02-23 01:15:55]   Total Time: 5.35h
[2026-02-23 01:15:55] 
================================================================================
[2026-02-23 01:15:55] Epoch 37/100
[2026-02-23 01:15:55] ================================================================================
[2026-02-23 01:23:38] 
Epoch 37 Summary:
[2026-02-23 01:23:38]   Training Loss: 0.189259
[2026-02-23 01:23:38]   Learning Rate: 7.128896e-05
[2026-02-23 01:23:38]   Epoch Time: 462.45s
[2026-02-23 01:23:38]   Total Time: 5.48h
[2026-02-23 01:23:38] 
================================================================================
[2026-02-23 01:23:38] Epoch 38/100
[2026-02-23 01:23:38] ================================================================================
[2026-02-23 01:31:20] 
Epoch 38 Summary:
[2026-02-23 01:31:20]   Training Loss: 0.192084
[2026-02-23 01:31:20]   Learning Rate: 6.985739e-05
[2026-02-23 01:31:20]   Epoch Time: 462.52s
[2026-02-23 01:31:20]   Total Time: 5.61h
[2026-02-23 01:31:20] 
================================================================================
[2026-02-23 01:31:20] Epoch 39/100
[2026-02-23 01:31:20] ================================================================================
[2026-02-23 01:39:03] 
Epoch 39 Summary:
[2026-02-23 01:39:03]   Training Loss: 0.183042
[2026-02-23 01:39:03]   Learning Rate: 6.840623e-05
[2026-02-23 01:39:03]   Epoch Time: 462.60s
[2026-02-23 01:39:03]   Total Time: 5.74h
[2026-02-23 01:39:03] 
================================================================================
[2026-02-23 01:39:03] Epoch 40/100
[2026-02-23 01:39:03] ================================================================================
[2026-02-23 01:46:46] 
Epoch 40 Summary:
[2026-02-23 01:46:46]   Training Loss: 0.179991
[2026-02-23 01:46:46]   Learning Rate: 6.693690e-05
[2026-02-23 01:46:46]   Epoch Time: 462.59s
[2026-02-23 01:46:46]   Total Time: 5.87h
[2026-02-23 02:01:15] 
────────────────────────────────────────────────────────────────────────────────
[2026-02-23 02:01:15] Validation Results:
[2026-02-23 02:01:15]   ET (Enhancing Tumor): 0.8719
[2026-02-23 02:01:15]   TC (Tumor Core):      0.8911
[2026-02-23 02:01:15]   WT (Whole Tumor):     0.9138
[2026-02-23 02:01:15]   Average Dice:         0.8923
[2026-02-23 02:01:15]   ✓ New best model! (↑ 0.0123)
[2026-02-23 02:01:15] ────────────────────────────────────────────────────────────────────────────────
[2026-02-23 02:01:16]   ✓ Saved best checkpoint (Epoch 40)
[2026-02-23 02:01:16] 
================================================================================
[2026-02-23 02:01:16] Epoch 41/100
[2026-02-23 02:01:16] ================================================================================
[2026-02-23 02:08:59] 
Epoch 41 Summary:
[2026-02-23 02:08:59]   Training Loss: 0.183940
[2026-02-23 02:08:59]   Learning Rate: 6.545085e-05
[2026-02-23 02:08:59]   Epoch Time: 462.53s
[2026-02-23 02:08:59]   Total Time: 6.24h
[2026-02-23 02:08:59] 
================================================================================
[2026-02-23 02:08:59] Epoch 42/100
[2026-02-23 02:08:59] ================================================================================
[2026-02-23 02:16:41] 
Epoch 42 Summary:
[2026-02-23 02:16:41]   Training Loss: 0.179961
[2026-02-23 02:16:41]   Learning Rate: 6.394956e-05
[2026-02-23 02:16:41]   Epoch Time: 462.69s
[2026-02-23 02:16:41]   Total Time: 6.37h
[2026-02-23 02:16:42] 
================================================================================
[2026-02-23 02:16:42] Epoch 43/100
[2026-02-23 02:16:42] ================================================================================
[2026-02-23 02:24:24] 
Epoch 43 Summary:
[2026-02-23 02:24:24]   Training Loss: 0.184533
[2026-02-23 02:24:24]   Learning Rate: 6.243449e-05
[2026-02-23 02:24:24]   Epoch Time: 462.47s
[2026-02-23 02:24:24]   Total Time: 6.49h
[2026-02-23 02:24:24] 
================================================================================
[2026-02-23 02:24:24] Epoch 44/100
[2026-02-23 02:24:24] ================================================================================
[2026-02-23 02:32:07] 
Epoch 44 Summary:
[2026-02-23 02:32:07]   Training Loss: 0.180505
[2026-02-23 02:32:07]   Learning Rate: 6.090716e-05
[2026-02-23 02:32:07]   Epoch Time: 462.59s
[2026-02-23 02:32:07]   Total Time: 6.62h
[2026-02-23 02:32:07] 
================================================================================
[2026-02-23 02:32:07] Epoch 45/100
[2026-02-23 02:32:07] ================================================================================
[2026-02-23 02:39:49] 
Epoch 45 Summary:
[2026-02-23 02:39:49]   Training Loss: 0.166078
[2026-02-23 02:39:49]   Learning Rate: 5.936907e-05
[2026-02-23 02:39:49]   Epoch Time: 462.43s
[2026-02-23 02:39:49]   Total Time: 6.75h
[2026-02-23 02:39:50] 
================================================================================
[2026-02-23 02:39:50] Epoch 46/100
[2026-02-23 02:39:50] ================================================================================
[2026-02-23 02:47:32] 
Epoch 46 Summary:
[2026-02-23 02:47:32]   Training Loss: 0.184731
[2026-02-23 02:47:32]   Learning Rate: 5.782172e-05
[2026-02-23 02:47:32]   Epoch Time: 462.48s
[2026-02-23 02:47:32]   Total Time: 6.88h
[2026-02-23 02:47:32] 
================================================================================
[2026-02-23 02:47:32] Epoch 47/100
[2026-02-23 02:47:32] ================================================================================
[2026-02-23 02:55:15] 
Epoch 47 Summary:
[2026-02-23 02:55:15]   Training Loss: 0.182228
[2026-02-23 02:55:15]   Learning Rate: 5.626666e-05
[2026-02-23 02:55:15]   Epoch Time: 462.38s
[2026-02-23 02:55:15]   Total Time: 7.01h
[2026-02-23 02:55:15] 
================================================================================
[2026-02-23 02:55:15] Epoch 48/100
[2026-02-23 02:55:15] ================================================================================
[2026-02-23 03:02:57] 
Epoch 48 Summary:
[2026-02-23 03:02:57]   Training Loss: 0.183371
[2026-02-23 03:02:57]   Learning Rate: 5.470542e-05
[2026-02-23 03:02:57]   Epoch Time: 462.50s
[2026-02-23 03:02:57]   Total Time: 7.14h
[2026-02-23 03:02:57] 
================================================================================
[2026-02-23 03:02:57] Epoch 49/100
[2026-02-23 03:02:57] ================================================================================
[2026-02-23 03:10:40] 
Epoch 49 Summary:
[2026-02-23 03:10:40]   Training Loss: 0.185427
[2026-02-23 03:10:40]   Learning Rate: 5.313953e-05
[2026-02-23 03:10:40]   Epoch Time: 462.42s
[2026-02-23 03:10:40]   Total Time: 7.26h
[2026-02-23 03:10:40] 
================================================================================
[2026-02-23 03:10:40] Epoch 50/100
[2026-02-23 03:10:40] ================================================================================
[2026-02-23 03:18:22] 
Epoch 50 Summary:
[2026-02-23 03:18:22]   Training Loss: 0.199299
[2026-02-23 03:18:22]   Learning Rate: 5.157054e-05
[2026-02-23 03:18:22]   Epoch Time: 462.39s
[2026-02-23 03:18:22]   Total Time: 7.39h
[2026-02-23 03:32:52] 
────────────────────────────────────────────────────────────────────────────────
[2026-02-23 03:32:52] Validation Results:
[2026-02-23 03:32:52]   ET (Enhancing Tumor): 0.8768
[2026-02-23 03:32:52]   TC (Tumor Core):      0.8940
[2026-02-23 03:32:52]   WT (Whole Tumor):     0.9225
[2026-02-23 03:32:52]   Average Dice:         0.8977
[2026-02-23 03:32:52]   ✓ New best model! (↑ 0.0055)
[2026-02-23 03:32:52] ────────────────────────────────────────────────────────────────────────────────
[2026-02-23 03:32:52]   ✓ Saved best checkpoint (Epoch 50)
[2026-02-23 03:32:53]   ✓ Saved epoch_50 checkpoint (Epoch 50)
[2026-02-23 03:32:53] 
================================================================================
[2026-02-23 03:32:53] Epoch 51/100
[2026-02-23 03:32:53] ================================================================================
[2026-02-23 03:40:35] 
Epoch 51 Summary:
[2026-02-23 03:40:35]   Training Loss: 0.175095
[2026-02-23 03:40:35]   Learning Rate: 5.000000e-05
[2026-02-23 03:40:35]   Epoch Time: 462.51s
[2026-02-23 03:40:35]   Total Time: 7.76h
[2026-02-23 03:40:35] 
================================================================================
[2026-02-23 03:40:35] Epoch 52/100
[2026-02-23 03:40:35] ================================================================================
[2026-02-23 03:48:18] 
Epoch 52 Summary:
[2026-02-23 03:48:18]   Training Loss: 0.179404
[2026-02-23 03:48:18]   Learning Rate: 4.842946e-05
[2026-02-23 03:48:18]   Epoch Time: 462.58s
[2026-02-23 03:48:18]   Total Time: 7.89h
[2026-02-23 03:48:18] 
================================================================================
[2026-02-23 03:48:18] Epoch 53/100
[2026-02-23 03:48:18] ================================================================================
[2026-02-23 03:56:01] 
Epoch 53 Summary:
[2026-02-23 03:56:01]   Training Loss: 0.186252
[2026-02-23 03:56:01]   Learning Rate: 4.686047e-05
[2026-02-23 03:56:01]   Epoch Time: 462.38s
[2026-02-23 03:56:01]   Total Time: 8.02h
[2026-02-23 03:56:01] 
================================================================================
[2026-02-23 03:56:01] Epoch 54/100
[2026-02-23 03:56:01] ================================================================================
[2026-02-23 04:03:43] 
Epoch 54 Summary:
[2026-02-23 04:03:43]   Training Loss: 0.177252
[2026-02-23 04:03:43]   Learning Rate: 4.529458e-05
[2026-02-23 04:03:43]   Epoch Time: 462.54s
[2026-02-23 04:03:43]   Total Time: 8.15h
[2026-02-23 04:03:43] 
================================================================================
[2026-02-23 04:03:43] Epoch 55/100
[2026-02-23 04:03:43] ================================================================================
[2026-02-23 04:11:26] 
Epoch 55 Summary:
[2026-02-23 04:11:26]   Training Loss: 0.182891
[2026-02-23 04:11:26]   Learning Rate: 4.373334e-05
[2026-02-23 04:11:26]   Epoch Time: 462.41s
[2026-02-23 04:11:26]   Total Time: 8.28h
[2026-02-23 04:11:26] 
================================================================================
[2026-02-23 04:11:26] Epoch 56/100
[2026-02-23 04:11:26] ================================================================================
[2026-02-23 04:19:08] 
Epoch 56 Summary:
[2026-02-23 04:19:08]   Training Loss: 0.172906
[2026-02-23 04:19:08]   Learning Rate: 4.217828e-05
[2026-02-23 04:19:08]   Epoch Time: 462.40s
[2026-02-23 04:19:08]   Total Time: 8.41h
[2026-02-23 04:19:09] 
================================================================================
[2026-02-23 04:19:09] Epoch 57/100
[2026-02-23 04:19:09] ================================================================================
[2026-02-23 04:26:51] 
Epoch 57 Summary:
[2026-02-23 04:26:51]   Training Loss: 0.181090
[2026-02-23 04:26:51]   Learning Rate: 4.063093e-05
[2026-02-23 04:26:51]   Epoch Time: 462.50s
[2026-02-23 04:26:51]   Total Time: 8.53h
[2026-02-23 04:26:51] 
================================================================================
[2026-02-23 04:26:51] Epoch 58/100
[2026-02-23 04:26:51] ================================================================================
[2026-02-23 04:34:34] 
Epoch 58 Summary:
[2026-02-23 04:34:34]   Training Loss: 0.179199
[2026-02-23 04:34:34]   Learning Rate: 3.909284e-05
[2026-02-23 04:34:34]   Epoch Time: 462.69s
[2026-02-23 04:34:34]   Total Time: 8.66h
[2026-02-23 04:34:34] 
================================================================================
[2026-02-23 04:34:34] Epoch 59/100
[2026-02-23 04:34:34] ================================================================================
[2026-02-23 04:42:17] 
Epoch 59 Summary:
[2026-02-23 04:42:17]   Training Loss: 0.173343
[2026-02-23 04:42:17]   Learning Rate: 3.756551e-05
[2026-02-23 04:42:17]   Epoch Time: 462.53s
[2026-02-23 04:42:17]   Total Time: 8.79h
[2026-02-23 04:42:17] 
================================================================================
[2026-02-23 04:42:17] Epoch 60/100
[2026-02-23 04:42:17] ================================================================================
[2026-02-23 04:49:59] 
Epoch 60 Summary:
[2026-02-23 04:49:59]   Training Loss: 0.187896
[2026-02-23 04:49:59]   Learning Rate: 3.605044e-05
[2026-02-23 04:49:59]   Epoch Time: 462.37s
[2026-02-23 04:49:59]   Total Time: 8.92h
[2026-02-23 05:04:32] 
────────────────────────────────────────────────────────────────────────────────
[2026-02-23 05:04:32] Validation Results:
[2026-02-23 05:04:32]   ET (Enhancing Tumor): 0.8736
[2026-02-23 05:04:32]   TC (Tumor Core):      0.8944
[2026-02-23 05:04:32]   WT (Whole Tumor):     0.9233
[2026-02-23 05:04:32]   Average Dice:         0.8971
[2026-02-23 05:04:32]   Best remains: 0.8977
[2026-02-23 05:04:32] ────────────────────────────────────────────────────────────────────────────────
[2026-02-23 05:04:32]   Early stopping counter: 1/10
[2026-02-23 05:04:32] 
================================================================================
[2026-02-23 05:04:32] Epoch 61/100
[2026-02-23 05:04:32] ================================================================================
[2026-02-23 05:12:15] 
Epoch 61 Summary:
[2026-02-23 05:12:15]   Training Loss: 0.181351
[2026-02-23 05:12:15]   Learning Rate: 3.454915e-05
[2026-02-23 05:12:15]   Epoch Time: 462.51s
[2026-02-23 05:12:15]   Total Time: 9.29h
[2026-02-23 05:12:15] 
================================================================================
[2026-02-23 05:12:15] Epoch 62/100
[2026-02-23 05:12:15] ================================================================================
[2026-02-23 05:19:57] 
Epoch 62 Summary:
[2026-02-23 05:19:57]   Training Loss: 0.176668
[2026-02-23 05:19:57]   Learning Rate: 3.306310e-05
[2026-02-23 05:19:57]   Epoch Time: 462.50s
[2026-02-23 05:19:57]   Total Time: 9.42h
[2026-02-23 05:19:57] 
================================================================================
[2026-02-23 05:19:57] Epoch 63/100
[2026-02-23 05:19:57] ================================================================================
[2026-02-23 05:27:40] 
Epoch 63 Summary:
[2026-02-23 05:27:40]   Training Loss: 0.176014
[2026-02-23 05:27:40]   Learning Rate: 3.159377e-05
[2026-02-23 05:27:40]   Epoch Time: 462.53s
[2026-02-23 05:27:40]   Total Time: 9.55h
[2026-02-23 05:27:40] 
================================================================================
[2026-02-23 05:27:40] Epoch 64/100
[2026-02-23 05:27:40] ================================================================================
[2026-02-23 05:35:23] 
Epoch 64 Summary:
[2026-02-23 05:35:23]   Training Loss: 0.187525
[2026-02-23 05:35:23]   Learning Rate: 3.014261e-05
[2026-02-23 05:35:23]   Epoch Time: 462.43s
[2026-02-23 05:35:23]   Total Time: 9.68h
[2026-02-23 05:35:23] 
================================================================================
[2026-02-23 05:35:23] Epoch 65/100
[2026-02-23 05:35:23] ================================================================================
[2026-02-23 05:43:05] 
Epoch 65 Summary:
[2026-02-23 05:43:05]   Training Loss: 0.171325
[2026-02-23 05:43:05]   Learning Rate: 2.871104e-05
[2026-02-23 05:43:05]   Epoch Time: 462.41s
[2026-02-23 05:43:05]   Total Time: 9.80h
[2026-02-23 05:43:05] 
================================================================================
[2026-02-23 05:43:05] Epoch 66/100
[2026-02-23 05:43:05] ================================================================================
[2026-02-23 05:50:48] 
Epoch 66 Summary:
[2026-02-23 05:50:48]   Training Loss: 0.180244
[2026-02-23 05:50:48]   Learning Rate: 2.730048e-05
[2026-02-23 05:50:48]   Epoch Time: 462.47s
[2026-02-23 05:50:48]   Total Time: 9.93h
[2026-02-23 05:50:48] 
================================================================================
[2026-02-23 05:50:48] Epoch 67/100
[2026-02-23 05:50:48] ================================================================================
[2026-02-23 05:58:31] 
Epoch 67 Summary:
[2026-02-23 05:58:31]   Training Loss: 0.166529
[2026-02-23 05:58:31]   Learning Rate: 2.591232e-05
[2026-02-23 05:58:31]   Epoch Time: 462.60s
[2026-02-23 05:58:31]   Total Time: 10.06h
[2026-02-23 05:58:31] 
================================================================================
[2026-02-23 05:58:31] Epoch 68/100
[2026-02-23 05:58:31] ================================================================================
[2026-02-23 06:06:13] 
Epoch 68 Summary:
[2026-02-23 06:06:13]   Training Loss: 0.170521
[2026-02-23 06:06:13]   Learning Rate: 2.454793e-05
[2026-02-23 06:06:13]   Epoch Time: 462.55s
[2026-02-23 06:06:13]   Total Time: 10.19h
[2026-02-23 06:06:13] 
================================================================================
[2026-02-23 06:06:13] Epoch 69/100
[2026-02-23 06:06:13] ================================================================================
[2026-02-23 06:13:56] 
Epoch 69 Summary:
[2026-02-23 06:13:56]   Training Loss: 0.161827
[2026-02-23 06:13:56]   Learning Rate: 2.320866e-05
[2026-02-23 06:13:56]   Epoch Time: 462.40s
[2026-02-23 06:13:56]   Total Time: 10.32h
[2026-02-23 06:13:56] 
================================================================================
[2026-02-23 06:13:56] Epoch 70/100
[2026-02-23 06:13:56] ================================================================================
[2026-02-23 06:21:38] 
Epoch 70 Summary:
[2026-02-23 06:21:38]   Training Loss: 0.174426
[2026-02-23 06:21:38]   Learning Rate: 2.189583e-05
[2026-02-23 06:21:38]   Epoch Time: 462.41s
[2026-02-23 06:21:38]   Total Time: 10.45h
[2026-02-23 06:36:10] 
────────────────────────────────────────────────────────────────────────────────
[2026-02-23 06:36:10] Validation Results:
[2026-02-23 06:36:10]   ET (Enhancing Tumor): 0.8777
[2026-02-23 06:36:10]   TC (Tumor Core):      0.9001
[2026-02-23 06:36:10]   WT (Whole Tumor):     0.9277
[2026-02-23 06:36:10]   Average Dice:         0.9018
[2026-02-23 06:36:10]   ✓ New best model! (↑ 0.0041)
[2026-02-23 06:36:10] ────────────────────────────────────────────────────────────────────────────────
[2026-02-23 06:36:10]   ✓ Saved best checkpoint (Epoch 70)
[2026-02-23 06:36:10] 
================================================================================
[2026-02-23 06:36:10] Epoch 71/100
[2026-02-23 06:36:10] ================================================================================
[2026-02-23 06:43:52] 
Epoch 71 Summary:
[2026-02-23 06:43:52]   Training Loss: 0.160128
[2026-02-23 06:43:52]   Learning Rate: 2.061074e-05
[2026-02-23 06:43:52]   Epoch Time: 462.25s
[2026-02-23 06:43:52]   Total Time: 10.82h
[2026-02-23 06:43:53] 
================================================================================
[2026-02-23 06:43:53] Epoch 72/100
[2026-02-23 06:43:53] ================================================================================
[2026-02-23 06:51:35] 
Epoch 72 Summary:
[2026-02-23 06:51:35]   Training Loss: 0.170515
[2026-02-23 06:51:35]   Learning Rate: 1.935465e-05
[2026-02-23 06:51:35]   Epoch Time: 462.37s
[2026-02-23 06:51:35]   Total Time: 10.95h
[2026-02-23 06:51:35] 
================================================================================
[2026-02-23 06:51:35] Epoch 73/100
[2026-02-23 06:51:35] ================================================================================
[2026-02-23 06:59:17] 
Epoch 73 Summary:
[2026-02-23 06:59:17]   Training Loss: 0.177521
[2026-02-23 06:59:17]   Learning Rate: 1.812880e-05
[2026-02-23 06:59:17]   Epoch Time: 462.35s
[2026-02-23 06:59:17]   Total Time: 11.08h
[2026-02-23 06:59:18] 
================================================================================
[2026-02-23 06:59:18] Epoch 74/100
[2026-02-23 06:59:18] ================================================================================
[2026-02-23 07:07:00] 
Epoch 74 Summary:
[2026-02-23 07:07:00]   Training Loss: 0.167128
[2026-02-23 07:07:00]   Learning Rate: 1.693441e-05
[2026-02-23 07:07:00]   Epoch Time: 462.34s
[2026-02-23 07:07:00]   Total Time: 11.20h
[2026-02-23 07:07:00] 
================================================================================
[2026-02-23 07:07:00] Epoch 75/100
[2026-02-23 07:07:00] ================================================================================
[2026-02-23 07:14:42] 
Epoch 75 Summary:
[2026-02-23 07:14:42]   Training Loss: 0.168938
[2026-02-23 07:14:42]   Learning Rate: 1.577264e-05
[2026-02-23 07:14:42]   Epoch Time: 462.26s
[2026-02-23 07:14:42]   Total Time: 11.33h
[2026-02-23 07:14:42] 
================================================================================
[2026-02-23 07:14:42] Epoch 76/100
[2026-02-23 07:14:42] ================================================================================
[2026-02-23 07:22:25] 
Epoch 76 Summary:
[2026-02-23 07:22:25]   Training Loss: 0.175317
[2026-02-23 07:22:25]   Learning Rate: 1.464466e-05
[2026-02-23 07:22:25]   Epoch Time: 462.45s
[2026-02-23 07:22:25]   Total Time: 11.46h
[2026-02-23 07:22:25] 
================================================================================
[2026-02-23 07:22:25] Epoch 77/100
[2026-02-23 07:22:25] ================================================================================
[2026-02-23 07:30:08] 
Epoch 77 Summary:
[2026-02-23 07:30:08]   Training Loss: 0.173770
[2026-02-23 07:30:08]   Learning Rate: 1.355157e-05
[2026-02-23 07:30:08]   Epoch Time: 462.51s
[2026-02-23 07:30:08]   Total Time: 11.59h
[2026-02-23 07:30:08] 
================================================================================
[2026-02-23 07:30:08] Epoch 78/100
[2026-02-23 07:30:08] ================================================================================
[2026-02-23 07:37:50] 
Epoch 78 Summary:
[2026-02-23 07:37:50]   Training Loss: 0.174981
[2026-02-23 07:37:50]   Learning Rate: 1.249445e-05
[2026-02-23 07:37:50]   Epoch Time: 462.46s
[2026-02-23 07:37:50]   Total Time: 11.72h
[2026-02-23 07:37:50] 
================================================================================
[2026-02-23 07:37:50] Epoch 79/100
[2026-02-23 07:37:50] ================================================================================
[2026-02-23 07:45:33] 
Epoch 79 Summary:
[2026-02-23 07:45:33]   Training Loss: 0.159846
[2026-02-23 07:45:33]   Learning Rate: 1.147434e-05
[2026-02-23 07:45:33]   Epoch Time: 462.57s
[2026-02-23 07:45:33]   Total Time: 11.85h
[2026-02-23 07:45:33] 
================================================================================
[2026-02-23 07:45:33] Epoch 80/100
[2026-02-23 07:45:33] ================================================================================
[2026-02-23 07:53:15] 
Epoch 80 Summary:
[2026-02-23 07:53:15]   Training Loss: 0.166383
[2026-02-23 07:53:15]   Learning Rate: 1.049225e-05
[2026-02-23 07:53:15]   Epoch Time: 462.27s
[2026-02-23 07:53:15]   Total Time: 11.97h
[2026-02-23 08:07:46] 
────────────────────────────────────────────────────────────────────────────────
[2026-02-23 08:07:46] Validation Results:
[2026-02-23 08:07:46]   ET (Enhancing Tumor): 0.8793
[2026-02-23 08:07:46]   TC (Tumor Core):      0.9041
[2026-02-23 08:07:46]   WT (Whole Tumor):     0.9274
[2026-02-23 08:07:46]   Average Dice:         0.9036
[2026-02-23 08:07:46]   ✓ New best model! (↑ 0.0017)
[2026-02-23 08:07:46] ────────────────────────────────────────────────────────────────────────────────
[2026-02-23 08:07:47]   ✓ Saved best checkpoint (Epoch 80)
[2026-02-23 08:07:47] 
================================================================================
[2026-02-23 08:07:47] Epoch 81/100
[2026-02-23 08:07:47] ================================================================================
[2026-02-23 08:15:29] 
Epoch 81 Summary:
[2026-02-23 08:15:29]   Training Loss: 0.164988
[2026-02-23 08:15:29]   Learning Rate: 9.549150e-06
[2026-02-23 08:15:29]   Epoch Time: 462.51s
[2026-02-23 08:15:29]   Total Time: 12.35h
[2026-02-23 08:15:30] 
================================================================================
[2026-02-23 08:15:30] Epoch 82/100
[2026-02-23 08:15:30] ================================================================================
[2026-02-23 08:23:12] 
Epoch 82 Summary:
[2026-02-23 08:23:12]   Training Loss: 0.165869
[2026-02-23 08:23:12]   Learning Rate: 8.645971e-06
[2026-02-23 08:23:12]   Epoch Time: 462.21s
[2026-02-23 08:23:12]   Total Time: 12.47h
[2026-02-23 08:23:12] 
================================================================================
[2026-02-23 08:23:12] Epoch 83/100
[2026-02-23 08:23:12] ================================================================================
[2026-02-23 08:30:54] 
Epoch 83 Summary:
[2026-02-23 08:30:54]   Training Loss: 0.168486
[2026-02-23 08:30:54]   Learning Rate: 7.783604e-06
[2026-02-23 08:30:54]   Epoch Time: 462.43s
[2026-02-23 08:30:54]   Total Time: 12.60h
[2026-02-23 08:30:55] 
================================================================================
[2026-02-23 08:30:55] Epoch 84/100
[2026-02-23 08:30:55] ================================================================================
[2026-02-23 08:38:37] 
Epoch 84 Summary:
[2026-02-23 08:38:37]   Training Loss: 0.189557
[2026-02-23 08:38:37]   Learning Rate: 6.962899e-06
[2026-02-23 08:38:37]   Epoch Time: 462.34s
[2026-02-23 08:38:37]   Total Time: 12.73h
[2026-02-23 08:38:37] 
================================================================================
[2026-02-23 08:38:37] Epoch 85/100
[2026-02-23 08:38:37] ================================================================================
[2026-02-23 08:46:20] 
Epoch 85 Summary:
[2026-02-23 08:46:20]   Training Loss: 0.160936
[2026-02-23 08:46:20]   Learning Rate: 6.184666e-06
[2026-02-23 08:46:20]   Epoch Time: 462.50s
[2026-02-23 08:46:20]   Total Time: 12.86h
[2026-02-23 08:46:20] 
================================================================================
[2026-02-23 08:46:20] Epoch 86/100
[2026-02-23 08:46:20] ================================================================================
[2026-02-23 08:54:02] 
Epoch 86 Summary:
[2026-02-23 08:54:02]   Training Loss: 0.163840
[2026-02-23 08:54:02]   Learning Rate: 5.449674e-06
[2026-02-23 08:54:02]   Epoch Time: 462.65s
[2026-02-23 08:54:02]   Total Time: 12.99h
[2026-02-23 08:54:03] 
================================================================================
[2026-02-23 08:54:03] Epoch 87/100
[2026-02-23 08:54:03] ================================================================================
[2026-02-23 09:01:45] 
Epoch 87 Summary:
[2026-02-23 09:01:45]   Training Loss: 0.166070
[2026-02-23 09:01:45]   Learning Rate: 4.758647e-06
[2026-02-23 09:01:45]   Epoch Time: 462.35s
[2026-02-23 09:01:45]   Total Time: 13.12h
[2026-02-23 09:01:45] 
================================================================================
[2026-02-23 09:01:45] Epoch 88/100
[2026-02-23 09:01:45] ================================================================================
[2026-02-23 09:09:27] 
Epoch 88 Summary:
[2026-02-23 09:09:27]   Training Loss: 0.182143
[2026-02-23 09:09:27]   Learning Rate: 4.112269e-06
[2026-02-23 09:09:27]   Epoch Time: 462.47s
[2026-02-23 09:09:27]   Total Time: 13.24h
[2026-02-23 09:09:28] 
================================================================================
[2026-02-23 09:09:28] Epoch 89/100
[2026-02-23 09:09:28] ================================================================================
[2026-02-23 09:17:10] 
Epoch 89 Summary:
[2026-02-23 09:17:10]   Training Loss: 0.161816
[2026-02-23 09:17:10]   Learning Rate: 3.511176e-06
[2026-02-23 09:17:10]   Epoch Time: 462.48s
[2026-02-23 09:17:10]   Total Time: 13.37h
[2026-02-23 09:17:10] 
================================================================================
[2026-02-23 09:17:10] Epoch 90/100
[2026-02-23 09:17:10] ================================================================================
[2026-02-23 09:24:53] 
Epoch 90 Summary:
[2026-02-23 09:24:53]   Training Loss: 0.168928
[2026-02-23 09:24:53]   Learning Rate: 2.955962e-06
[2026-02-23 09:24:53]   Epoch Time: 462.47s
[2026-02-23 09:24:53]   Total Time: 13.50h
[2026-02-23 09:39:24] 
────────────────────────────────────────────────────────────────────────────────
[2026-02-23 09:39:24] Validation Results:
[2026-02-23 09:39:24]   ET (Enhancing Tumor): 0.8784
[2026-02-23 09:39:24]   TC (Tumor Core):      0.9012
[2026-02-23 09:39:24]   WT (Whole Tumor):     0.9288
[2026-02-23 09:39:24]   Average Dice:         0.9028
[2026-02-23 09:39:24]   Best remains: 0.9036
[2026-02-23 09:39:24] ────────────────────────────────────────────────────────────────────────────────
[2026-02-23 09:39:24]   Early stopping counter: 1/10
[2026-02-23 09:39:24] 
================================================================================
[2026-02-23 09:39:24] Epoch 91/100
[2026-02-23 09:39:24] ================================================================================
[2026-02-23 09:47:06] 
Epoch 91 Summary:
[2026-02-23 09:47:06]   Training Loss: 0.179494
[2026-02-23 09:47:06]   Learning Rate: 2.447174e-06
[2026-02-23 09:47:06]   Epoch Time: 462.42s
[2026-02-23 09:47:06]   Total Time: 13.87h
[2026-02-23 09:47:07] 
================================================================================
[2026-02-23 09:47:07] Epoch 92/100
[2026-02-23 09:47:07] ================================================================================
[2026-02-23 09:54:49] 
Epoch 92 Summary:
[2026-02-23 09:54:49]   Training Loss: 0.172480
[2026-02-23 09:54:49]   Learning Rate: 1.985316e-06
[2026-02-23 09:54:49]   Epoch Time: 462.83s
[2026-02-23 09:54:49]   Total Time: 14.00h
[2026-02-23 09:54:50] 
================================================================================
[2026-02-23 09:54:50] Epoch 93/100
[2026-02-23 09:54:50] ================================================================================
[2026-02-23 10:02:32] 
Epoch 93 Summary:
[2026-02-23 10:02:32]   Training Loss: 0.175774
[2026-02-23 10:02:32]   Learning Rate: 1.570842e-06
[2026-02-23 10:02:32]   Epoch Time: 462.47s
[2026-02-23 10:02:32]   Total Time: 14.13h
[2026-02-23 10:02:32] 
================================================================================
[2026-02-23 10:02:32] Epoch 94/100
[2026-02-23 10:02:32] ================================================================================
[2026-02-23 10:10:15] 
Epoch 94 Summary:
[2026-02-23 10:10:15]   Training Loss: 0.167835
[2026-02-23 10:10:15]   Learning Rate: 1.204162e-06
[2026-02-23 10:10:15]   Epoch Time: 462.41s
[2026-02-23 10:10:15]   Total Time: 14.26h
[2026-02-23 10:10:15] 
================================================================================
[2026-02-23 10:10:15] Epoch 95/100
[2026-02-23 10:10:15] ================================================================================
[2026-02-23 10:17:57] 
Epoch 95 Summary:
[2026-02-23 10:17:57]   Training Loss: 0.170666
[2026-02-23 10:17:57]   Learning Rate: 8.856375e-07
[2026-02-23 10:17:57]   Epoch Time: 462.49s
[2026-02-23 10:17:57]   Total Time: 14.39h
[2026-02-23 10:17:57] 
================================================================================
[2026-02-23 10:17:57] Epoch 96/100
[2026-02-23 10:17:57] ================================================================================
[2026-02-23 10:25:40] 
Epoch 96 Summary:
[2026-02-23 10:25:40]   Training Loss: 0.167325
[2026-02-23 10:25:40]   Learning Rate: 6.155830e-07
[2026-02-23 10:25:40]   Epoch Time: 462.38s
[2026-02-23 10:25:40]   Total Time: 14.51h
[2026-02-23 10:25:40] 
================================================================================
[2026-02-23 10:25:40] Epoch 97/100
[2026-02-23 10:25:40] ================================================================================
[2026-02-23 10:33:22] 
Epoch 97 Summary:
[2026-02-23 10:33:22]   Training Loss: 0.166233
[2026-02-23 10:33:22]   Learning Rate: 3.942649e-07
[2026-02-23 10:33:22]   Epoch Time: 462.45s
[2026-02-23 10:33:22]   Total Time: 14.64h
[2026-02-23 10:33:23] 
================================================================================
[2026-02-23 10:33:23] Epoch 98/100
[2026-02-23 10:33:23] ================================================================================
[2026-02-23 10:41:05] 
Epoch 98 Summary:
[2026-02-23 10:41:05]   Training Loss: 0.178008
[2026-02-23 10:41:05]   Learning Rate: 2.219018e-07
[2026-02-23 10:41:05]   Epoch Time: 462.39s
[2026-02-23 10:41:05]   Total Time: 14.77h
[2026-02-23 10:41:05] 
================================================================================
[2026-02-23 10:41:05] Epoch 99/100
[2026-02-23 10:41:05] ================================================================================
[2026-02-23 10:48:48] 
Epoch 99 Summary:
[2026-02-23 10:48:48]   Training Loss: 0.176836
[2026-02-23 10:48:48]   Learning Rate: 9.866358e-08
[2026-02-23 10:48:48]   Epoch Time: 462.37s
[2026-02-23 10:48:48]   Total Time: 14.90h
[2026-02-23 10:48:48] 
================================================================================
[2026-02-23 10:48:48] Epoch 100/100
[2026-02-23 10:48:48] ================================================================================
[2026-02-23 10:56:30] 
Epoch 100 Summary:
[2026-02-23 10:56:30]   Training Loss: 0.169320
[2026-02-23 10:56:30]   Learning Rate: 2.467198e-08
[2026-02-23 10:56:30]   Epoch Time: 462.46s
[2026-02-23 10:56:30]   Total Time: 15.03h
[2026-02-23 11:10:59] 
────────────────────────────────────────────────────────────────────────────────
[2026-02-23 11:10:59] Validation Results:
[2026-02-23 11:10:59]   ET (Enhancing Tumor): 0.8776
[2026-02-23 11:10:59]   TC (Tumor Core):      0.9001
[2026-02-23 11:10:59]   WT (Whole Tumor):     0.9286
[2026-02-23 11:10:59]   Average Dice:         0.9021
[2026-02-23 11:10:59]   Best remains: 0.9036
[2026-02-23 11:10:59] ────────────────────────────────────────────────────────────────────────────────
[2026-02-23 11:10:59]   Early stopping counter: 2/10
[2026-02-23 11:11:00]   ✓ Saved epoch_100 checkpoint (Epoch 100)
[2026-02-23 11:11:00] 
================================================================================
[2026-02-23 11:11:00] Training Complete!
[2026-02-23 11:11:00] ================================================================================
[2026-02-23 11:11:00] Total Training Time: 15.27 hours
[2026-02-23 11:11:00] Best Average Dice: 0.9036
[2026-02-23 11:11:00] Total Epochs: 100
[2026-02-23 11:11:00] Best Model: checkpoints/best_model.pth
[2026-02-23 11:11:00] Logs: logs/training_20260222_195447.log
[2026-02-23 11:11:00] TensorBoard: logs/tensorboard
[2026-02-23 11:11:00] ================================================================================
[2026-02-23 11:11:00] Training summary saved: logs/training_summary.json
