[2026-02-19 23:36:53] ================================================================================
[2026-02-19 23:36:53] Training Session Started
[2026-02-19 23:36:53] Timestamp: 20260219_233653
[2026-02-19 23:36:53] ================================================================================
[2026-02-19 23:36:53] ================================================================================
[2026-02-19 23:36:53] Swin UNETR Training - BraTS 2023 (Memory Optimized)
[2026-02-19 23:36:53] ================================================================================
[2026-02-19 23:36:53] Device: cuda
[2026-02-19 23:36:53] GPU: NVIDIA GeForce RTX 4070 Ti SUPER
[2026-02-19 23:36:53] GPU Memory: 16.71 GB
[2026-02-19 23:36:53] 
Configuration:
[2026-02-19 23:36:53] --------------------------------------------------------------------------------
[2026-02-19 23:36:53] --------------------------------------------------------------------------------
[2026-02-19 23:36:53] 
Loading data lists...
[2026-02-19 23:36:53]   Training samples: 1000
[2026-02-19 23:36:53]   Validation samples: 251
[2026-02-19 23:36:53] 
Creating datasets...
[2026-02-19 23:36:53]   ✓ Datasets created (no caching to save memory)
[2026-02-19 23:36:53] 
Creating model...
[2026-02-19 23:36:53] 
Model Information:
[2026-02-19 23:36:53] --------------------------------------------------------------------------------
[2026-02-19 23:36:53]   Architecture: Swin UNETR
[2026-02-19 23:36:53]   Total Parameters: 15,705,621
[2026-02-19 23:36:53]   Trainable Parameters: 15,705,621
[2026-02-19 23:36:53]   Model Size: 59.91 MB (float32)
[2026-02-19 23:36:53] --------------------------------------------------------------------------------
[2026-02-19 23:36:53] 
✓ Training setup complete
[2026-02-19 23:36:53] 
Starting training...
[2026-02-19 23:36:53] Memory optimization enabled:
