[2026-02-19 22:45:46] ================================================================================
[2026-02-19 22:45:46] Training Session Started
[2026-02-19 22:45:46] Timestamp: 20260219_224546
[2026-02-19 22:45:46] ================================================================================
[2026-02-19 22:45:46] ================================================================================
[2026-02-19 22:45:46] Swin UNETR Training - BraTS 2023
[2026-02-19 22:45:46] ================================================================================
[2026-02-19 22:45:46] Device: cuda
[2026-02-19 22:45:46] GPU: NVIDIA GeForce RTX 4070 Ti SUPER
[2026-02-19 22:45:46] GPU Memory: 16.71 GB
[2026-02-19 22:45:46] 
Configuration:
[2026-02-19 22:45:46] --------------------------------------------------------------------------------
[2026-02-19 22:45:46] --------------------------------------------------------------------------------
[2026-02-19 22:45:46] 
Loading data lists...
[2026-02-19 22:45:46]   Training samples: 1000
[2026-02-19 22:45:46]   Validation samples: 251
[2026-02-19 22:45:46] 
Creating datasets...
[2026-02-19 22:45:46]   ✓ Datasets created
[2026-02-19 22:45:46] 
Creating model...
[2026-02-19 22:45:46] 
Model Information:
[2026-02-19 22:45:46] --------------------------------------------------------------------------------
[2026-02-19 22:45:46]   Architecture: Swin UNETR
[2026-02-19 22:45:46]   Total Parameters: 62,191,941
[2026-02-19 22:45:46]   Trainable Parameters: 62,191,941
[2026-02-19 22:45:46]   Model Size: 237.24 MB (float32)
[2026-02-19 22:45:46] --------------------------------------------------------------------------------
[2026-02-19 22:45:46] 
✓ Training setup complete
[2026-02-19 22:45:46] 
Starting training...
[2026-02-19 22:45:46] 
================================================================================
[2026-02-19 22:45:46] Epoch 1/300
[2026-02-19 22:45:46] ================================================================================
[2026-02-19 22:53:19] 
Epoch 1 Summary:
[2026-02-19 22:53:19]   Training Loss: 0.542613
[2026-02-19 22:53:19]   Learning Rate: 1.000000e-04
[2026-02-19 22:53:19]   Epoch Time: 452.38s
[2026-02-19 22:53:19]   Total Time: 0.13h
[2026-02-19 22:53:19] 
================================================================================
[2026-02-19 22:53:19] Epoch 2/300
[2026-02-19 22:53:19] ================================================================================
[2026-02-19 23:00:49] 
Epoch 2 Summary:
[2026-02-19 23:00:49]   Training Loss: 0.296078
[2026-02-19 23:00:49]   Learning Rate: 9.999726e-05
[2026-02-19 23:00:49]   Epoch Time: 450.46s
[2026-02-19 23:00:49]   Total Time: 0.25h
[2026-02-19 23:00:49] 
================================================================================
[2026-02-19 23:00:49] Epoch 3/300
[2026-02-19 23:00:49] ================================================================================
[2026-02-19 23:08:20] 
Epoch 3 Summary:
[2026-02-19 23:08:20]   Training Loss: 0.262390
[2026-02-19 23:08:20]   Learning Rate: 9.998903e-05
[2026-02-19 23:08:20]   Epoch Time: 450.36s
[2026-02-19 23:08:20]   Total Time: 0.38h
[2026-02-19 23:08:20] 
================================================================================
[2026-02-19 23:08:20] Epoch 4/300
[2026-02-19 23:08:20] ================================================================================
[2026-02-19 23:15:50] 
Epoch 4 Summary:
[2026-02-19 23:15:50]   Training Loss: 0.241055
[2026-02-19 23:15:50]   Learning Rate: 9.997533e-05
[2026-02-19 23:15:50]   Epoch Time: 450.53s
[2026-02-19 23:15:50]   Total Time: 0.50h
[2026-02-19 23:15:50] 
================================================================================
[2026-02-19 23:15:50] Epoch 5/300
[2026-02-19 23:15:50] ================================================================================
[2026-02-19 23:23:25] 
Epoch 5 Summary:
[2026-02-19 23:23:25]   Training Loss: 0.241339
[2026-02-19 23:23:25]   Learning Rate: 9.995614e-05
[2026-02-19 23:23:25]   Epoch Time: 454.73s
[2026-02-19 23:23:25]   Total Time: 0.63h
[2026-02-19 23:23:27] 

Error during training: CUDA out of memory. Tried to allocate 5.26 GiB. GPU 0 has a total capacity of 15.57 GiB of which 1.33 GiB is free. Including non-PyTorch memory, this process has 13.68 GiB memory in use. Of the allocated memory 9.15 GiB is allocated by PyTorch, and 4.21 GiB is reserved by PyTorch but unallocated. If reserved but unallocated memory is large try setting PYTORCH_CUDA_ALLOC_CONF=expandable_segments:True to avoid fragmentation.  See documentation for Memory Management  (https://pytorch.org/docs/stable/notes/cuda.html#environment-variables)
