[2026-03-04 20:58:50] ================================================================================
[2026-03-04 20:58:50] Training Session Started - UNet
[2026-03-04 20:58:50] Timestamp: 20260304_205850
[2026-03-04 20:58:50] ================================================================================
[2026-03-04 20:58:50] ================================================================================
[2026-03-04 20:58:50] UNet Training - BraTS 2023
[2026-03-04 20:58:50] ================================================================================
[2026-03-04 20:58:50] Device: cuda
[2026-03-04 20:58:50] GPU: NVIDIA GeForce RTX 4070 Ti SUPER
[2026-03-04 20:58:50] GPU Memory: 16.71 GB
[2026-03-04 20:58:50] 
Configuration:
[2026-03-04 20:58:50] --------------------------------------------------------------------------------
[2026-03-04 20:58:50] --------------------------------------------------------------------------------
[2026-03-04 20:58:50] 
Loading data lists...
[2026-03-04 20:58:50]   Training samples: 1000
[2026-03-04 20:58:50]   Validation samples: 251
[2026-03-04 20:58:50] 
Creating datasets...
[2026-03-04 20:58:50]   ✓ Datasets created
[2026-03-04 20:58:50] 
Creating model...
[2026-03-04 20:58:51] 
Model Information:
[2026-03-04 20:58:51] --------------------------------------------------------------------------------
[2026-03-04 20:58:51]   Architecture: UNet
[2026-03-04 20:58:51]   Total Parameters: 4,810,074
[2026-03-04 20:58:51]   Trainable Parameters: 4,810,074
[2026-03-04 20:58:51]   Model Size: 18.35 MB (float32)
[2026-03-04 20:58:51] --------------------------------------------------------------------------------
[2026-03-04 20:58:51] 
✓ Training setup complete
[2026-03-04 20:58:51] 
Starting training...
[2026-03-04 20:58:51] 
================================================================================
[2026-03-04 20:58:51] Epoch 1/300
[2026-03-04 20:58:51] ================================================================================
[2026-03-04 21:04:05] 
Epoch 1 Summary:
[2026-03-04 21:04:05]   Training Loss: 0.887828
[2026-03-04 21:04:05]   Learning Rate: 1.000000e-04
[2026-03-04 21:04:05]   Epoch Time: 314.89s
[2026-03-04 21:04:05]   Total Time: 0.09h
[2026-03-04 21:04:05] 
================================================================================
[2026-03-04 21:04:05] Epoch 2/300
[2026-03-04 21:04:05] ================================================================================
[2026-03-04 21:04:16] 

Training interrupted by user!
[2026-03-04 21:04:16] 
================================================================================
[2026-03-04 21:04:16] Training Complete!
[2026-03-04 21:04:16] ================================================================================
[2026-03-04 21:04:16] Total Training Time: 0.09 hours
[2026-03-04 21:04:16] Best Average Dice: 0.0000
[2026-03-04 21:04:16] Total Epochs: 1
[2026-03-04 21:04:16] Best Model: ./checkpoints_unet/best_model.pth
[2026-03-04 21:04:16] Logs: ./logs_unet/training_20260304_205850.log
[2026-03-04 21:04:16] TensorBoard: ./logs_unet/tensorboard
[2026-03-04 21:04:16] ================================================================================
[2026-03-04 21:04:16] Training summary saved: ./logs_unet/training_summary.json
